 main

 Timestamp is 59ef3c0b (Tue Oct 24 07:11:39 2017)

 Preferred load address is 00400000

 Start         Length     Name                   Class
 0001:00000000 0002f71aH .text                   CODE
 0001:0002f720 00000983H .text$x                 CODE
 0001:000300b0 00000374H .text$yc                CODE
 0001:00030430 000001f1H .text$yd                CODE
 0002:00000000 000001c0H .idata$5                DATA
 0002:000001c0 00000004H .CRT$XCA                DATA
 0002:000001c4 0000000cH .CRT$XCC                DATA
 0002:000001d0 0000001cH .CRT$XCL                DATA
 0002:000001ec 000000b0H .CRT$XCU                DATA
 0002:0000029c 00000004H .CRT$XCZ                DATA
 0002:000002a0 00000004H .CRT$XIA                DATA
 0002:000002a4 00000010H .CRT$XIC                DATA
 0002:000002b4 00000004H .CRT$XID                DATA
 0002:000002b8 00000004H .CRT$XIY                DATA
 0002:000002bc 00000004H .CRT$XIZ                DATA
 0002:000002c0 00000004H .CRT$XPA                DATA
 0002:000002c4 00000008H .CRT$XPX                DATA
 0002:000002cc 00000004H .CRT$XPXA               DATA
 0002:000002d0 00000004H .CRT$XPZ                DATA
 0002:000002d4 00000004H .CRT$XTA                DATA
 0002:000002d8 00000004H .CRT$XTZ                DATA
 0002:000002e0 0000af48H .rdata                  DATA
 0002:0000b228 00000061H .rdata$debug            DATA
 0002:0000b28c 00000470H .rdata$r                DATA
 0002:0000b700 000000c0H .rdata$sxdata           DATA
 0002:0000b7c0 00000004H .rtc$IAA                DATA
 0002:0000b7c4 00000004H .rtc$IZZ                DATA
 0002:0000b7c8 00000004H .rtc$TAA                DATA
 0002:0000b7cc 00000004H .rtc$TZZ                DATA
 0002:0000b7d0 00001164H .xdata$x                DATA
 0002:0000c934 00000050H .idata$2                DATA
 0002:0000c984 00000014H .idata$3                DATA
 0002:0000c998 000001c0H .idata$4                DATA
 0002:0000cb58 00000836H .idata$6                DATA
 0002:0000d38e 00000000H .edata                  DATA
 0003:00000000 000014c0H .data                   DATA
 0003:000014c0 00002260H .bss                    DATA

  Address         Publics by Value              Rva+Base       Lib:Object

 0000:00000000       __except_list              00000000     <absolute>
 0000:00000030       ___safe_se_handler_count   00000030     <absolute>
 0000:00000000       ___ImageBase               00400000     <linker-defined>
 0001:00000000       ?loadMedia@@YA_NXZ         00401000 f   main.obj
 0001:00000350       ?rectangleBoundsMouseOver@@YAXHHHHEEEE_N@Z 00401350 f   main.obj
 0001:00000410       ?load_image@@YAHQADPAPAUSDL_Surface@@W4ck_t@@@Z 00401410 f   main.obj
 0001:000004d0       ?draw_char@@YAHDHH@Z       004014d0 f   main.obj
 0001:000005f0       ?draw_string@@YAXQADHH@Z   004015f0 f   main.obj
 0001:00000670       _main                      00401670 f   main.obj
 0001:00000bd0       ?Close@@YAXXZ              00401bd0 f   main.obj
 0001:00000c60       ?drawOutlineRect@@YAXHHHHEEEE@Z 00401c60 f i main.obj
 0001:00000cd0       ?drawFillRect@@YAXHHHHEEEE@Z 00401cd0 f i main.obj
 0001:00000d40       ??_D?$basic_stringstream@DU?$char_traits@D@std@@V?$allocator@D@2@@std@@QAEXXZ 00401d40 f i main.obj
 0001:00000d70       ??0?$basic_string@DU?$char_traits@D@std@@V?$allocator@D@2@@std@@QAE@PBD@Z 00401d70 f i main.obj
 0001:00000df0       ??1?$basic_string@DU?$char_traits@D@std@@V?$allocator@D@2@@std@@QAE@XZ 00401df0 f i main.obj
 0001:00000e50       ?c_str@?$basic_string@DU?$char_traits@D@std@@V?$allocator@D@2@@std@@QBEPBDXZ 00401e50 f i main.obj
 0001:00000e70       ??6?$basic_ostream@DU?$char_traits@D@std@@@std@@QAEAAV01@H@Z 00401e70 f i main.obj
 0001:00001050       ??1locale@std@@QAE@XZ      00402050 f i main.obj
 0001:00001080       ?_Decref@facet@locale@std@@QAEPAV123@XZ 00402080 f i main.obj
 0001:000010e0       ?size@?$basic_string@DU?$char_traits@D@std@@V?$allocator@D@2@@std@@QBEIXZ 004020e0 f i main.obj
 0001:000010e0       ?flags@ios_base@std@@QBEHXZ 004020e0 f i main.obj
 0001:00001100       ?getloc@ios_base@std@@QBE?AVlocale@2@XZ 00402100 f i main.obj
 0001:00001140       ??0locale@std@@QAE@ABV01@@Z 00402140 f i main.obj
 0001:00001170       ?_Incref@facet@locale@std@@QAEXXZ 00402170 f i main.obj
 0001:000011b0       ??1?$basic_ios@DU?$char_traits@D@std@@@std@@UAE@XZ 004021b0 f i main.obj
 0001:000011d0       ??1ios_base@std@@UAE@XZ    004021d0 f i main.obj
 0001:000011f0       ??_Gios_base@std@@UAEPAXI@Z 004021f0 f i main.obj
 0001:000011f0       ??_Eios_base@std@@UAEPAXI@Z 004021f0 f i main.obj
 0001:00001220       ?setstate@?$basic_ios@DU?$char_traits@D@std@@@std@@QAEXH_N@Z 00402220 f i main.obj
 0001:00001250       ?rdstate@ios_base@std@@QBEHXZ 00402250 f i main.obj
 0001:00001270       ?rdbuf@?$basic_ios@DU?$char_traits@D@std@@@std@@QBEPAV?$basic_streambuf@DU?$char_traits@D@std@@@2@XZ 00402270 f i main.obj
 0001:00001290       ??0?$basic_stringstream@DU?$char_traits@D@std@@V?$allocator@D@2@@std@@QAE@H@Z 00402290 f i main.obj
 0001:00001350       ??1?$basic_stringstream@DU?$char_traits@D@std@@V?$allocator@D@2@@std@@UAE@XZ 00402350 f i main.obj
 0001:000013c0       ?str@?$basic_stringstream@DU?$char_traits@D@std@@V?$allocator@D@2@@std@@QBE?AV?$basic_string@DU?$char_traits@D@std@@V?$allocator@D@2@@2@XZ 004023c0 f i main.obj
 0001:00001400       ??1?$basic_iostream@DU?$char_traits@D@std@@@std@@UAE@XZ 00402400 f i main.obj
 0001:00001470       ??1?$basic_ostream@DU?$char_traits@D@std@@@std@@UAE@XZ 00402470 f i main.obj
 0001:00001490       ??1?$basic_istream@DU?$char_traits@D@std@@@std@@UAE@XZ 00402490 f i main.obj
 0001:000014b0       ??1?$basic_stringbuf@DU?$char_traits@D@std@@V?$allocator@D@2@@std@@UAE@XZ 004024b0 f i main.obj
 0001:00001510       ??1?$basic_streambuf@DU?$char_traits@D@std@@@std@@UAE@XZ 00402510 f i main.obj
 0001:00001580       ?_Lock@?$basic_streambuf@DU?$char_traits@D@std@@@std@@UAEXXZ 00402580 f i main.obj
 0001:000015a0       ?_Unlock@?$basic_streambuf@DU?$char_traits@D@std@@@std@@UAEXXZ 004025a0 f i main.obj
 0001:000015c0       ?overflow@?$basic_streambuf@DU?$char_traits@D@std@@@std@@MAEHH@Z 004025c0 f i main.obj
 0001:000015c0       ?pbackfail@?$basic_streambuf@DU?$char_traits@D@std@@@std@@MAEHH@Z 004025c0 f i main.obj
 0001:000015e0       ?eof@?$char_traits@D@std@@SAHXZ 004025e0 f i main.obj
 0001:000015f0       ?showmanyc@?$basic_streambuf@DU?$char_traits@D@std@@@std@@MAE_JXZ 004025f0 f i main.obj
 0001:00001600       ?underflow@?$basic_streambuf@DU?$char_traits@D@std@@@std@@MAEHXZ 00402600 f i main.obj
 0001:00001610       ?uflow@?$basic_streambuf@DU?$char_traits@D@std@@@std@@MAEHXZ 00402610 f i main.obj
 0001:00001670       ?to_int_type@?$char_traits@D@std@@SAHABD@Z 00402670 f i main.obj
 0001:00001680       ?eq_int_type@?$char_traits@D@std@@SA_NABH0@Z 00402680 f i main.obj
 0001:000016a0       ?xsgetn@?$basic_streambuf@DU?$char_traits@D@std@@@std@@MAE_JPAD_J@Z 004026a0 f i main.obj
 0001:000017e0       ?copy@?$char_traits@D@std@@SAPADPADPBDI@Z 004027e0 f i main.obj
 0001:00001800       ?to_char_type@?$char_traits@D@std@@SADABH@Z 00402800 f i main.obj
 0001:00001810       ?xsputn@?$basic_streambuf@DU?$char_traits@D@std@@@std@@MAE_JPBD_J@Z 00402810 f i main.obj
 0001:00001950       ?seekoff@?$basic_streambuf@DU?$char_traits@D@std@@@std@@MAE?AV?$fpos@H@2@_JHH@Z 00402950 f i main.obj
 0001:00001980       ?seekpos@?$basic_streambuf@DU?$char_traits@D@std@@@std@@MAE?AV?$fpos@H@2@V32@H@Z 00402980 f i main.obj
 0001:000019b0       ?setbuf@?$basic_streambuf@DU?$char_traits@D@std@@@std@@MAEPAV12@PAD_J@Z 004029b0 f i main.obj
 0001:000019c0       ?sync@?$basic_streambuf@DU?$char_traits@D@std@@@std@@MAEHXZ 004029c0 f i main.obj
 0001:000019d0       ?imbue@?$basic_streambuf@DU?$char_traits@D@std@@@std@@MAEXABVlocale@2@@Z 004029d0 f i main.obj
 0001:000019e0       ?overflow@?$basic_stringbuf@DU?$char_traits@D@std@@V?$allocator@D@2@@std@@MAEHH@Z 004029e0 f i main.obj
 0001:00001cd0       ?not_eof@?$char_traits@D@std@@SAHABH@Z 00402cd0 f i main.obj
 0001:00001d00       ?pbackfail@?$basic_stringbuf@DU?$char_traits@D@std@@V?$allocator@D@2@@std@@MAEHH@Z 00402d00 f i main.obj
 0001:00001df0       ?eq@?$char_traits@D@std@@SA_NABD0@Z 00402df0 f i main.obj
 0001:00001e10       ?underflow@?$basic_stringbuf@DU?$char_traits@D@std@@V?$allocator@D@2@@std@@MAEHXZ 00402e10 f i main.obj
 0001:00001f00       ?seekoff@?$basic_stringbuf@DU?$char_traits@D@std@@V?$allocator@D@2@@std@@MAE?AV?$fpos@H@2@_JHH@Z 00402f00 f i main.obj
 0001:000021b0       ?seekpos@?$basic_stringbuf@DU?$char_traits@D@std@@V?$allocator@D@2@@std@@MAE?AV?$fpos@H@2@V32@H@Z 004031b0 f i main.obj
 0001:000023a0       ??_E?$basic_ostream@DU?$char_traits@D@std@@@std@@UAEPAXI@Z 004033a0 f i main.obj
 0001:000023a0       ??_G?$basic_ostream@DU?$char_traits@D@std@@@std@@UAEPAXI@Z 004033a0 f i main.obj
 0001:000023e0       ??_G?$basic_ios@DU?$char_traits@D@std@@@std@@UAEPAXI@Z 004033e0 f i main.obj
 0001:000023e0       ??_E?$basic_ios@DU?$char_traits@D@std@@@std@@UAEPAXI@Z 004033e0 f i main.obj
 0001:00002410       ??_E?$basic_istream@DU?$char_traits@D@std@@@std@@UAEPAXI@Z 00403410 f i main.obj
 0001:00002410       ??_G?$basic_istream@DU?$char_traits@D@std@@@std@@UAEPAXI@Z 00403410 f i main.obj
 0001:00002450       ??_G?$basic_streambuf@DU?$char_traits@D@std@@@std@@UAEPAXI@Z 00403450 f i main.obj
 0001:00002450       ??_E?$basic_streambuf@DU?$char_traits@D@std@@@std@@UAEPAXI@Z 00403450 f i main.obj
 0001:00002480       ??_G?$basic_stringstream@DU?$char_traits@D@std@@V?$allocator@D@2@@std@@UAEPAXI@Z 00403480 f i main.obj
 0001:00002480       ??_E?$basic_stringstream@DU?$char_traits@D@std@@V?$allocator@D@2@@std@@UAEPAXI@Z 00403480 f i main.obj
 0001:000024c0       ??_E?$basic_iostream@DU?$char_traits@D@std@@@std@@UAEPAXI@Z 004034c0 f i main.obj
 0001:000024c0       ??_G?$basic_iostream@DU?$char_traits@D@std@@@std@@UAEPAXI@Z 004034c0 f i main.obj
 0001:00002500       ??_G?$basic_stringbuf@DU?$char_traits@D@std@@V?$allocator@D@2@@std@@UAEPAXI@Z 00403500 f i main.obj
 0001:00002500       ??_E?$basic_stringbuf@DU?$char_traits@D@std@@V?$allocator@D@2@@std@@UAEPAXI@Z 00403500 f i main.obj
 0001:00002530       ??_D?$basic_ostream@DU?$char_traits@D@std@@@std@@QAEXXZ 00403530 f i main.obj
 0001:00002560       ??_D?$basic_istream@DU?$char_traits@D@std@@@std@@QAEXXZ 00403560 f i main.obj
 0001:00002590       ??_D?$basic_iostream@DU?$char_traits@D@std@@@std@@QAEXXZ 00403590 f i main.obj
 0001:000025c0       ?assign@?$basic_string@DU?$char_traits@D@std@@V?$allocator@D@2@@std@@QAEAAV12@PBD@Z 004035c0 f i main.obj
 0001:00002600       ?length@?$char_traits@D@std@@SAIPBD@Z 00403600 f i main.obj
 0001:00002640       ?_Tidy@?$basic_string@DU?$char_traits@D@std@@V?$allocator@D@2@@std@@QAEX_NI@Z 00403640 f i main.obj
 0001:000026c0       ??0?$_String_val@DV?$allocator@D@std@@@std@@QAE@V?$allocator@D@1@@Z 004036c0 f i main.obj
 0001:00002770       ??0_Container_proxy@std@@QAE@XZ 00403770 f i main.obj
 0001:000027a0       ??0_Container_base12@std@@QAE@XZ 004037a0 f i main.obj
 0001:000027c0       ??1_Container_base12@std@@QAE@XZ 004037c0 f i main.obj
 0001:000027e0       ?_Orphan_all@_Container_base12@std@@QAEXXZ 004037e0 f i main.obj
 0001:00002850       ??1?$_String_val@DV?$allocator@D@std@@@std@@QAE@XZ 00403850 f i main.obj
 0001:000028e0       ??0?$allocator@D@std@@QAE@XZ 004038e0 f i main.obj
 0001:000028e0       ??E?$ostreambuf_iterator@DU?$char_traits@D@std@@@std@@QAEAAV01@XZ 004038e0 f i main.obj
 0001:000028e0       ??D?$ostreambuf_iterator@DU?$char_traits@D@std@@@std@@QAEAAV01@XZ 004038e0 f i main.obj
 0001:000028f0       ??$?0D@?$allocator@U_Container_proxy@std@@@std@@QAE@ABV?$allocator@D@1@@Z 004038f0 f i main.obj
 0001:000028f0       ??0?$allocator@D@std@@QAE@ABV01@@Z 004038f0 f i main.obj
 0001:00002900       ?allocate@?$allocator@D@std@@QAEPADI@Z 00403900 f i main.obj
 0001:00002920       ?clear@?$basic_ios@DU?$char_traits@D@std@@@std@@QAEXH_N@Z 00403920 f i main.obj
 0001:00002960       ?clear@ios_base@std@@QAEXH_N@Z 00403960 f i main.obj
 0001:00002a50       ??0runtime_error@std@@QAE@ABV01@@Z 00403a50 f i main.obj
 0001:00002a80       ??_Gruntime_error@std@@UAEPAXI@Z 00403a80 f i main.obj
 0001:00002a80       ??_Eruntime_error@std@@UAEPAXI@Z 00403a80 f i main.obj
 0001:00002ab0       ??1runtime_error@std@@UAE@XZ 00403ab0 f i main.obj
 0001:00002ad0       ?make_error_code@std@@YA?AVerror_code@1@W4io_errc@31@@Z 00403ad0 f i main.obj
 0001:00002af0       ??0error_code@std@@QAE@HABVerror_category@1@@Z 00403af0 f i main.obj
 0001:00002b20       ??0failure@ios_base@std@@QAE@PBDABVerror_code@2@@Z 00403b20 f i main.obj
 0001:00002b50       ??0system_error@std@@QAE@Verror_code@1@PBD@Z 00403b50 f i main.obj
 0001:00002bd0       ??0runtime_error@std@@QAE@PBD@Z 00403bd0 f i main.obj
 0001:00002c00       ?_Makestr@system_error@std@@AAEXXZ 00403c00 f i main.obj
 0001:00002c10       ??_Esystem_error@std@@UAEPAXI@Z 00403c10 f i main.obj
 0001:00002c10       ??_Gsystem_error@std@@UAEPAXI@Z 00403c10 f i main.obj
 0001:00002c40       ??1system_error@std@@UAE@XZ 00403c40 f i main.obj
 0001:00002c60       ??_Gfailure@ios_base@std@@UAEPAXI@Z 00403c60 f i main.obj
 0001:00002c60       ??_Efailure@ios_base@std@@UAEPAXI@Z 00403c60 f i main.obj
 0001:00002c90       ??1failure@ios_base@std@@UAE@XZ 00403c90 f i main.obj
 0001:00002cb0       ??0failure@ios_base@std@@QAE@ABV012@@Z 00403cb0 f i main.obj
 0001:00002ce0       ??0system_error@std@@QAE@ABV01@@Z 00403ce0 f i main.obj
 0001:00002d20       ?fill@?$basic_ios@DU?$char_traits@D@std@@@std@@QBEDXZ 00403d20 f i main.obj
 0001:00002d40       ??0?$basic_ios@DU?$char_traits@D@std@@@std@@IAE@XZ 00403d40 f i main.obj
 0001:00002d60       ??0ios_base@std@@IAE@XZ    00403d60 f i main.obj
 0001:00002d80       ?eback@?$basic_streambuf@DU?$char_traits@D@std@@@std@@IBEPADXZ 00403d80 f i main.obj
 0001:00002da0       ?gptr@?$basic_streambuf@DU?$char_traits@D@std@@@std@@IBEPADXZ 00403da0 f i main.obj
 0001:00002dc0       ?pbase@?$basic_streambuf@DU?$char_traits@D@std@@@std@@IBEPADXZ 00403dc0 f i main.obj
 0001:00002de0       ?pptr@?$basic_streambuf@DU?$char_traits@D@std@@@std@@IBEPADXZ 00403de0 f i main.obj
 0001:00002e00       ?egptr@?$basic_streambuf@DU?$char_traits@D@std@@@std@@IBEPADXZ 00403e00 f i main.obj
 0001:00002e20       ?gbump@?$basic_streambuf@DU?$char_traits@D@std@@@std@@IAEXH@Z 00403e20 f i main.obj
 0001:00002e60       ?setg@?$basic_streambuf@DU?$char_traits@D@std@@@std@@IAEXPAD00@Z 00403e60 f i main.obj
 0001:00002ea0       ?epptr@?$basic_streambuf@DU?$char_traits@D@std@@@std@@IBEPADXZ 00403ea0 f i main.obj
 0001:00002ec0       ?_Gninc@?$basic_streambuf@DU?$char_traits@D@std@@@std@@IAEPADXZ 00403ec0 f i main.obj
 0001:00002f10       ?_Gnavail@?$basic_streambuf@DU?$char_traits@D@std@@@std@@IBE_JXZ 00403f10 f i main.obj
 0001:00002f40       ?pbump@?$basic_streambuf@DU?$char_traits@D@std@@@std@@IAEXH@Z 00403f40 f i main.obj
 0001:00002f80       ?setp@?$basic_streambuf@DU?$char_traits@D@std@@@std@@IAEXPAD0@Z 00403f80 f i main.obj
 0001:00002fc0       ?setp@?$basic_streambuf@DU?$char_traits@D@std@@@std@@IAEXPAD00@Z 00403fc0 f i main.obj
 0001:00003000       ?_Pninc@?$basic_streambuf@DU?$char_traits@D@std@@@std@@IAEPADXZ 00404000 f i main.obj
 0001:00003050       ?_Pnavail@?$basic_streambuf@DU?$char_traits@D@std@@@std@@IBE_JXZ 00404050 f i main.obj
 0001:00003080       ??0?$basic_iostream@DU?$char_traits@D@std@@@std@@QAE@PAV?$basic_streambuf@DU?$char_traits@D@std@@@1@@Z 00404080 f i main.obj
 0001:00003140       ??0?$basic_stringbuf@DU?$char_traits@D@std@@V?$allocator@D@2@@std@@QAE@H@Z 00404140 f i main.obj
 0001:000031c0       ?str@?$basic_stringbuf@DU?$char_traits@D@std@@V?$allocator@D@2@@std@@QBE?AV?$basic_string@DU?$char_traits@D@std@@V?$allocator@D@2@@2@XZ 004041c0 f i main.obj
 0001:00003350       ??0?$basic_string@DU?$char_traits@D@std@@V?$allocator@D@2@@std@@QAE@XZ 00404350 f i main.obj
 0001:000033c0       ??0?$basic_string@DU?$char_traits@D@std@@V?$allocator@D@2@@std@@QAE@$$QAV01@@Z 004043c0 f i main.obj
 0001:00003450       ?assign@?$basic_string@DU?$char_traits@D@std@@V?$allocator@D@2@@std@@QAEAAV12@$$QAV12@@Z 00404450 f i main.obj
 0001:00003520       ?move@?$char_traits@D@std@@SAPADPADPBDI@Z 00404520 f i main.obj
 0001:00003540       ?_Tidy@?$basic_stringbuf@DU?$char_traits@D@std@@V?$allocator@D@2@@std@@IAEXXZ 00404540 f i main.obj
 0001:000035e0       ??0sentry@?$basic_ostream@DU?$char_traits@D@std@@@std@@QAE@AAV12@@Z 004045e0 f i main.obj
 0001:00003690       ?good@ios_base@std@@QBE_NXZ 00404690 f i main.obj
 0001:000036b0       ?flush@?$basic_ostream@DU?$char_traits@D@std@@@std@@QAEAAV12@XZ 004046b0 f i main.obj
 0001:00003720       ?fail@ios_base@std@@QBE_NXZ 00404720 f i main.obj
 0001:00003740       ?pubsync@?$basic_streambuf@DU?$char_traits@D@std@@@std@@QAEHXZ 00404740 f i main.obj
 0001:00003760       ??1sentry@?$basic_ostream@DU?$char_traits@D@std@@@std@@QAE@XZ 00404760 f i main.obj
 0001:000037d0       ??Bsentry@?$basic_ostream@DU?$char_traits@D@std@@@std@@QBEPQ_Bool_struct@2@HXZ 004047d0 f i main.obj
 0001:000037f0       ?put@?$num_put@DV?$ostreambuf_iterator@DU?$char_traits@D@std@@@std@@@std@@QBE?AV?$ostreambuf_iterator@DU?$char_traits@D@std@@@2@V32@AAVios_base@2@DJ@Z 004047f0 f i main.obj
 0001:00003830       ??0?$ostreambuf_iterator@DU?$char_traits@D@std@@@std@@QAE@PAV?$basic_streambuf@DU?$char_traits@D@std@@@1@@Z 00404830 f i main.obj
 0001:00003850       ?failed@?$ostreambuf_iterator@DU?$char_traits@D@std@@@std@@QBE_NXZ 00404850 f i main.obj
 0001:00003860       ??0?$fpos@H@std@@QAE@_J@Z  00404860 f i main.obj
 0001:000038a0       ??B?$fpos@H@std@@QBE_JXZ   004048a0 f i main.obj
 0001:000038c0       ??0?$basic_string@DU?$char_traits@D@std@@V?$allocator@D@2@@std@@QAE@PBDI@Z 004048c0 f i main.obj
 0001:00003940       ??4?$basic_string@DU?$char_traits@D@std@@V?$allocator@D@2@@std@@QAEAAV01@ABV01@@Z 00404940 f i main.obj
 0001:00003960       ?assign@?$basic_string@DU?$char_traits@D@std@@V?$allocator@D@2@@std@@QAEAAV12@PBDI@Z 00404960 f i main.obj
 0001:00003a00       ?get_allocator@?$basic_string@DU?$char_traits@D@std@@V?$allocator@D@2@@std@@QBE?AV?$allocator@D@2@XZ 00404a00 f i main.obj
 0001:00003a20       ?_Eos@?$basic_string@DU?$char_traits@D@std@@V?$allocator@D@2@@std@@QAEXI@Z 00404a20 f i main.obj
 0001:00003a60       ?assign@?$char_traits@D@std@@SAXAADABD@Z 00404a60 f i main.obj
 0001:00003a70       ?_Myptr@?$basic_string@DU?$char_traits@D@std@@V?$allocator@D@2@@std@@QBEPBDXZ 00404a70 f i main.obj
 0001:00003a70       ?_Myptr@?$basic_string@DU?$char_traits@D@std@@V?$allocator@D@2@@std@@QAEPADXZ 00404a70 f i main.obj
 0001:00003aa0       ??0?$basic_ostream@DU?$char_traits@D@std@@@std@@QAE@W4_Uninitialized@1@_N@Z 00404aa0 f i main.obj
 0001:00003b60       ?_Osfx@?$basic_ostream@DU?$char_traits@D@std@@@std@@QAEXXZ 00404b60 f i main.obj
 0001:00003bf0       ?tie@?$basic_ios@DU?$char_traits@D@std@@@std@@QBEPAV?$basic_ostream@DU?$char_traits@D@std@@@2@XZ 00404bf0 f i main.obj
 0001:00003c10       ??0?$basic_istream@DU?$char_traits@D@std@@@std@@QAE@PAV?$basic_streambuf@DU?$char_traits@D@std@@@1@_N@Z 00404c10 f i main.obj
 0001:00003cd0       ??0?$basic_streambuf@DU?$char_traits@D@std@@@std@@IAE@XZ 00404cd0 f i main.obj
 0001:00003d80       ??0locale@std@@QAE@XZ      00404d80 f i main.obj
 0001:00003db0       ?_Init@?$basic_stringbuf@DU?$char_traits@D@std@@V?$allocator@D@2@@std@@IAEXPBDIH@Z 00404db0 f i main.obj
 0001:00003eb0       ?_Getstate@?$basic_stringbuf@DU?$char_traits@D@std@@V?$allocator@D@2@@std@@AAEHH@Z 00404eb0 f i main.obj
 0001:00003f10       ??0_Sentry_base@?$basic_ostream@DU?$char_traits@D@std@@@std@@QAE@AAV12@@Z 00404f10 f i main.obj
 0001:00003f70       ??1_Sentry_base@?$basic_ostream@DU?$char_traits@D@std@@@std@@QAE@XZ 00404f70 f i main.obj
 0001:00003fc0       ?deallocate@?$allocator@U_Container_proxy@std@@@std@@QAEXPAU_Container_proxy@2@I@Z 00404fc0 f i main.obj
 0001:00003fc0       ?deallocate@?$allocator@D@std@@QAEXPADI@Z 00404fc0 f i main.obj
 0001:00003fe0       ?allocate@?$allocator@U_Container_proxy@std@@@std@@QAEPAU_Container_proxy@2@I@Z 00404fe0 f i main.obj
 0001:00004000       ?assign@?$basic_string@DU?$char_traits@D@std@@V?$allocator@D@2@@std@@QAEAAV12@ABV12@@Z 00405000 f i main.obj
 0001:00004030       ?assign@?$basic_string@DU?$char_traits@D@std@@V?$allocator@D@2@@std@@QAEAAV12@ABV12@II@Z 00405030 f i main.obj
 0001:000040f0       ?_Xran@?$basic_string@DU?$char_traits@D@std@@V?$allocator@D@2@@std@@QBEXXZ 004050f0 f i main.obj
 0001:00004110       ?_Grow@?$basic_string@DU?$char_traits@D@std@@V?$allocator@D@2@@std@@QAE_NI_N@Z 00405110 f i main.obj
 0001:000041b0       ?_Inside@?$basic_string@DU?$char_traits@D@std@@V?$allocator@D@2@@std@@QAE_NPBD@Z 004051b0 f i main.obj
 0001:000041f0       ?_Xlen@?$basic_string@DU?$char_traits@D@std@@V?$allocator@D@2@@std@@QBEXXZ 004051f0 f i main.obj
 0001:00004210       ?init@?$basic_ios@DU?$char_traits@D@std@@@std@@IAEXPAV?$basic_streambuf@DU?$char_traits@D@std@@@2@_N@Z 00405210 f i main.obj
 0001:00004280       ?_Init@ios_base@std@@IAEXXZ 00405280 f i main.obj
 0001:00004340       ?clear@ios_base@std@@QAEXH@Z 00405340 f i main.obj
 0001:00004360       ?_Init@?$basic_streambuf@DU?$char_traits@D@std@@@std@@IAEXXZ 00405360 f i main.obj
 0001:000043d0       ?erase@?$basic_string@DU?$char_traits@D@std@@V?$allocator@D@2@@std@@QAEAAV12@II@Z 004053d0 f i main.obj
 0001:00004460       ?max_size@?$basic_string@DU?$char_traits@D@std@@V?$allocator@D@2@@std@@QBEIXZ 00405460 f i main.obj
 0001:000044a0       ?_Copy@?$basic_string@DU?$char_traits@D@std@@V?$allocator@D@2@@std@@QAEXII@Z 004054a0 f i main.obj
 0001:00004630       ?widen@?$basic_ios@DU?$char_traits@D@std@@@std@@QBEDD@Z 00405630 f i main.obj
 0001:000046b0       ?widen@?$ctype@D@std@@QBEDD@Z 004056b0 f i main.obj
 0001:000046d0       ?max_size@?$allocator@D@std@@QBEIXZ 004056d0 f i main.obj
 0001:00004700       ??$_DebugHeapDelete@Vfacet@locale@std@@@std@@YAXPAVfacet@locale@0@@Z 00405700 f i main.obj
 0001:00004730       ??$use_facet@V?$ctype@D@std@@@std@@YAABV?$ctype@D@0@ABVlocale@0@@Z 00405730 f i main.obj
 0001:00004820       ??Bid@locale@std@@QAEIXZ   00405820 f i main.obj
 0001:00004870       ?_Register@facet@locale@std@@QAEXXZ 00405870 f i main.obj
 0001:00004890       ?_Getfacet@locale@std@@QBEPBVfacet@12@I@Z 00405890 f i main.obj
 0001:00004920       ?_Getcat@?$ctype@D@std@@SAIPAPBVfacet@locale@2@PBV42@@Z 00405920 f i main.obj
 0001:00004a20       ??0_Locinfo@std@@QAE@PBD@Z 00405a20 f i main.obj
 0001:00004af0       ??1_Locinfo@std@@QAE@XZ    00405af0 f i main.obj
 0001:00004b90       ??2facet@locale@std@@SAPAXIABU_DebugHeapTag_t@2@PADH@Z 00405b90 f i main.obj
 0001:00004bb0       ??3facet@locale@std@@SAXPAXABU_DebugHeapTag_t@2@PADH@Z 00405bb0 f i main.obj
 0001:00004bd0       ??3facet@locale@std@@SAXPAX@Z 00405bd0 f i main.obj
 0001:00004bf0       ?c_str@locale@std@@QBEPBDXZ 00405bf0 f i main.obj
 0001:00004c10       ??0?$ctype@D@std@@QAE@ABV_Locinfo@1@I@Z 00405c10 f i main.obj
 0001:00004c80       ??0ctype_base@std@@QAE@I@Z 00405c80 f i main.obj
 0001:00004cb0       ??0facet@locale@std@@IAE@I@Z 00405cb0 f i main.obj
 0001:00004ce0       ??_Gfacet@locale@std@@UAEPAXI@Z 00405ce0 f i main.obj
 0001:00004ce0       ??_Efacet@locale@std@@UAEPAXI@Z 00405ce0 f i main.obj
 0001:00004d10       ??1facet@locale@std@@UAE@XZ 00405d10 f i main.obj
 0001:00004d30       ??1ctype_base@std@@UAE@XZ  00405d30 f i main.obj
 0001:00004d50       ??_Gctype_base@std@@UAEPAXI@Z 00405d50 f i main.obj
 0001:00004d50       ??_Ectype_base@std@@UAEPAXI@Z 00405d50 f i main.obj
 0001:00004d80       ?_Init@?$ctype@D@std@@IAEXABV_Locinfo@2@@Z 00405d80 f i main.obj
 0001:00004dc0       ?_Getctype@_Locinfo@std@@QBE?AU_Ctypevec@@XZ 00405dc0 f i main.obj
 0001:00004e10       ?do_tolower@?$ctype@D@std@@MBEDD@Z 00405e10 f i main.obj
 0001:00004e40       ?do_tolower@?$ctype@D@std@@MBEPBDPADPBD@Z 00405e40 f i main.obj
 0001:00004ea0       ?do_toupper@?$ctype@D@std@@MBEDD@Z 00405ea0 f i main.obj
 0001:00004ed0       ?do_toupper@?$ctype@D@std@@MBEPBDPADPBD@Z 00405ed0 f i main.obj
 0001:00004f30       ?do_widen@?$ctype@D@std@@MBEDD@Z 00405f30 f i main.obj
 0001:00004f40       ?do_widen@?$ctype@D@std@@MBEPBDPBD0PAD@Z 00405f40 f i main.obj
 0001:00004fa0       ?do_narrow@?$ctype@D@std@@MBEDDD@Z 00405fa0 f i main.obj
 0001:00004fb0       ?do_narrow@?$ctype@D@std@@MBEPBDPBD0DPAD@Z 00405fb0 f i main.obj
 0001:00005010       ??_G?$ctype@D@std@@MAEPAXI@Z 00406010 f i main.obj
 0001:00005010       ??_E?$ctype@D@std@@MAEPAXI@Z 00406010 f i main.obj
 0001:00005040       ??1?$ctype@D@std@@MAE@XZ   00406040 f i main.obj
 0001:000050a0       ?_Tidy@?$ctype@D@std@@IAEXXZ 004060a0 f i main.obj
 0001:000050f0       ??0?$_Yarn@D@std@@QAE@XZ   004060f0 f i main.obj
 0001:00005110       ??1?$_Yarn@D@std@@QAE@XZ   00406110 f i main.obj
 0001:00005130       ?c_str@?$_Yarn@D@std@@QBEPBDXZ 00406130 f i main.obj
 0001:00005160       ?_Tidy@?$_Yarn@D@std@@AAEXXZ 00406160 f i main.obj
 0001:00005190       ??$_Debug_range@PBD@std@@YAXPBD0PB_WI@Z 00406190 f i main.obj
 0001:000051d0       ??$_itoa_s@$0CA@@@YAHHAAY0CA@DH@Z 004061d0 f i main.obj
 0001:000051f0       ??$forward@V?$allocator@D@std@@@std@@YA$$QAV?$allocator@D@0@AAV10@@Z 004061f0 f i main.obj
 0001:000051f0       ??$forward@U_Container_proxy@std@@@std@@YA$$QAU_Container_proxy@0@AAU10@@Z 004061f0 f i main.obj
 0001:000051f0       ??$forward@V?$basic_string@DU?$char_traits@D@std@@V?$allocator@D@2@@std@@@std@@YA$$QAV?$basic_string@DU?$char_traits@D@std@@V?$allocator@D@2@@0@AAV10@@Z 004061f0 f i main.obj
 0001:00005200       ??$_Debug_pointer@D@std@@YAXPBDPB_WI@Z 00406200 f i main.obj
 0001:00005200       ??$_Debug_pointer@D@std@@YAXPADPB_WI@Z 00406200 f i main.obj
 0001:00005220       ??$use_facet@V?$num_put@DV?$ostreambuf_iterator@DU?$char_traits@D@std@@@std@@@std@@@std@@YAABV?$num_put@DV?$ostreambuf_iterator@DU?$char_traits@D@std@@@std@@@0@ABVlocale@0@@Z 00406220 f i main.obj
 0001:00005310       ??$_DebugHeapDelete@Vlocale@std@@@std@@YAXPAVlocale@0@@Z 00406310 f i main.obj
 0001:00005340       ??$?9DD@std@@YA_NABV?$allocator@D@0@0@Z 00406340 f i main.obj
 0001:00005360       ??$_Cons_val@V?$allocator@U_Container_proxy@std@@@std@@U_Container_proxy@2@U32@@std@@YAXAAV?$allocator@U_Container_proxy@std@@@0@PAU_Container_proxy@0@$$QAU20@@Z 00406360 f i main.obj
 0001:00005380       ??$_Dest_val@V?$allocator@U_Container_proxy@std@@@std@@U_Container_proxy@2@@std@@YAXAAV?$allocator@U_Container_proxy@std@@@0@PAU_Container_proxy@0@@Z 00406380 f i main.obj
 0001:000053a0       ??$_Allocate@D@std@@YAPADIPAD@Z 004063a0 f i main.obj
 0001:00005400       ??0bad_alloc@std@@QAE@PBD@Z 00406400 f i main.obj
 0001:00005430       ??1bad_alloc@std@@UAE@XZ   00406430 f i main.obj
 0001:00005450       ??_Ebad_alloc@std@@UAEPAXI@Z 00406450 f i main.obj
 0001:00005450       ??_Gbad_alloc@std@@UAEPAXI@Z 00406450 f i main.obj
 0001:00005480       ??$_Allocate@U_Container_proxy@std@@@std@@YAPAU_Container_proxy@0@IPAU10@@Z 00406480 f i main.obj
 0001:000054e0       ??_Glocale@std@@QAEPAXI@Z  004064e0 f i main.obj
 0001:00005510       ??0bad_alloc@std@@QAE@ABV01@@Z 00406510 f i main.obj
 0001:00005540       ?_Getcat@?$num_put@DV?$ostreambuf_iterator@DU?$char_traits@D@std@@@std@@@std@@SAIPAPBVfacet@locale@2@PBV42@@Z 00406540 f i main.obj
 0001:00005640       ?construct@?$allocator@U_Container_proxy@std@@@std@@QAEXPAU_Container_proxy@2@$$QAU32@@Z 00406640 f i main.obj
 0001:000056d0       ??2@YAPAXIPAX@Z            004066d0 f i main.obj
 0001:000056e0       ??$_Destroy@U_Container_proxy@std@@@std@@YAXPAU_Container_proxy@0@@Z 004066e0 f i main.obj
 0001:000056e0       ??3@YAXPAX0@Z              004066e0 f i main.obj
 0001:000056e0       ??$_Debug_pointer@V?$ostreambuf_iterator@DU?$char_traits@D@std@@@std@@@std@@YAXAAV?$ostreambuf_iterator@DU?$char_traits@D@std@@@0@PB_WI@Z 004066e0 f i main.obj
 0001:000056f0       ?destroy@?$allocator@U_Container_proxy@std@@@std@@QAEXPAU_Container_proxy@2@@Z 004066f0 f i main.obj
 0001:00005710       ??0?$num_put@DV?$ostreambuf_iterator@DU?$char_traits@D@std@@@std@@@std@@QAE@ABV_Locinfo@1@I@Z 00406710 f i main.obj
 0001:00005780       ?do_put@?$num_put@DV?$ostreambuf_iterator@DU?$char_traits@D@std@@@std@@@std@@MBE?AV?$ostreambuf_iterator@DU?$char_traits@D@std@@@2@V32@AAVios_base@2@D_N@Z 00406780 f i main.obj
 0001:00005a40       ?width@ios_base@std@@QBE_JXZ 00406a40 f i main.obj
 0001:00005a60       ?width@ios_base@std@@QAE_J_J@Z 00406a60 f i main.obj
 0001:00005aa0       ?do_put@?$num_put@DV?$ostreambuf_iterator@DU?$char_traits@D@std@@@std@@@std@@MBE?AV?$ostreambuf_iterator@DU?$char_traits@D@std@@@2@V32@AAVios_base@2@DJ@Z 00406aa0 f i main.obj
 0001:00005b20       ?do_put@?$num_put@DV?$ostreambuf_iterator@DU?$char_traits@D@std@@@std@@@std@@MBE?AV?$ostreambuf_iterator@DU?$char_traits@D@std@@@2@V32@AAVios_base@2@DK@Z 00406b20 f i main.obj
 0001:00005ba0       ?do_put@?$num_put@DV?$ostreambuf_iterator@DU?$char_traits@D@std@@@std@@@std@@MBE?AV?$ostreambuf_iterator@DU?$char_traits@D@std@@@2@V32@AAVios_base@2@D_J@Z 00406ba0 f i main.obj
 0001:00005c30       ?do_put@?$num_put@DV?$ostreambuf_iterator@DU?$char_traits@D@std@@@std@@@std@@MBE?AV?$ostreambuf_iterator@DU?$char_traits@D@std@@@2@V32@AAVios_base@2@D_K@Z 00406c30 f i main.obj
 0001:00005cc0       ?do_put@?$num_put@DV?$ostreambuf_iterator@DU?$char_traits@D@std@@@std@@@std@@MBE?AV?$ostreambuf_iterator@DU?$char_traits@D@std@@@2@V32@AAVios_base@2@DN@Z 00406cc0 f i main.obj
 0001:00005f50       ?precision@ios_base@std@@QBE_JXZ 00406f50 f i main.obj
 0001:00005f70       ?do_put@?$num_put@DV?$ostreambuf_iterator@DU?$char_traits@D@std@@@std@@@std@@MBE?AV?$ostreambuf_iterator@DU?$char_traits@D@std@@@2@V32@AAVios_base@2@DO@Z 00406f70 f i main.obj
 0001:000061e0       ?do_put@?$num_put@DV?$ostreambuf_iterator@DU?$char_traits@D@std@@@std@@@std@@MBE?AV?$ostreambuf_iterator@DU?$char_traits@D@std@@@2@V32@AAVios_base@2@DPBX@Z 004071e0 f i main.obj
 0001:00006250       ??_G?$num_put@DV?$ostreambuf_iterator@DU?$char_traits@D@std@@@std@@@std@@MAEPAXI@Z 00407250 f i main.obj
 0001:00006250       ??_E?$num_put@DV?$ostreambuf_iterator@DU?$char_traits@D@std@@@std@@@std@@MAEPAXI@Z 00407250 f i main.obj
 0001:00006280       ??1?$num_put@DV?$ostreambuf_iterator@DU?$char_traits@D@std@@@std@@@std@@MAE@XZ 00407280 f i main.obj
 0001:000062a0       ?_Ffmt@?$num_put@DV?$ostreambuf_iterator@DU?$char_traits@D@std@@@std@@@std@@ABAPADPADDH@Z 004072a0 f i main.obj
 0001:00006380       ?_Fput@?$num_put@DV?$ostreambuf_iterator@DU?$char_traits@D@std@@@std@@@std@@ABA?AV?$ostreambuf_iterator@DU?$char_traits@D@std@@@2@V32@AAVios_base@2@DPBDIIII@Z 00407380 f i main.obj
 0001:00006a60       ?insert@?$basic_string@DU?$char_traits@D@std@@V?$allocator@D@2@@std@@QAEAAV12@IID@Z 00407a60 f i main.obj
 0001:00006b20       ?_Ifmt@?$num_put@DV?$ostreambuf_iterator@DU?$char_traits@D@std@@@std@@@std@@ABAPADPADPBDH@Z 00407b20 f i main.obj
 0001:00006c20       ?_Iput@?$num_put@DV?$ostreambuf_iterator@DU?$char_traits@D@std@@@std@@@std@@ABA?AV?$ostreambuf_iterator@DU?$char_traits@D@std@@@2@V32@AAVios_base@2@DPADI@Z 00407c20 f i main.obj
 0001:00006f90       ?_Put@?$num_put@DV?$ostreambuf_iterator@DU?$char_traits@D@std@@@std@@@std@@ABA?AV?$ostreambuf_iterator@DU?$char_traits@D@std@@@2@V32@PBDI@Z 00407f90 f i main.obj
 0001:00006fe0       ?_Rep@?$num_put@DV?$ostreambuf_iterator@DU?$char_traits@D@std@@@std@@@std@@ABA?AV?$ostreambuf_iterator@DU?$char_traits@D@std@@@2@V32@DI@Z 00407fe0 f i main.obj
 0001:00007030       ?falsename@?$numpunct@D@std@@QBE?AV?$basic_string@DU?$char_traits@D@std@@V?$allocator@D@2@@2@XZ 00408030 f i main.obj
 0001:00007070       ?truename@?$numpunct@D@std@@QBE?AV?$basic_string@DU?$char_traits@D@std@@V?$allocator@D@2@@2@XZ 00408070 f i main.obj
 0001:000070b0       ?append@?$basic_string@DU?$char_traits@D@std@@V?$allocator@D@2@@std@@QAEAAV12@PBDI@Z 004080b0 f i main.obj
 0001:00007180       ?append@?$basic_string@DU?$char_traits@D@std@@V?$allocator@D@2@@std@@QAEAAV12@ID@Z 00408180 f i main.obj
 0001:00007200       ??A?$basic_string@DU?$char_traits@D@std@@V?$allocator@D@2@@std@@QAEAADI@Z 00408200 f i main.obj
 0001:00007240       ?_Chassign@?$basic_string@DU?$char_traits@D@std@@V?$allocator@D@2@@std@@QAEXIID@Z 00408240 f i main.obj
 0001:00007290       ?assign@?$char_traits@D@std@@SAPADPADID@Z 00408290 f i main.obj
 0001:000072b0       ?_Putc@?$num_put@DV?$ostreambuf_iterator@DU?$char_traits@D@std@@@std@@@std@@ABA?AV?$ostreambuf_iterator@DU?$char_traits@D@std@@@2@V32@PBDI@Z 004082b0 f i main.obj
 0001:00007320       ?_Putgrouped@?$num_put@DV?$ostreambuf_iterator@DU?$char_traits@D@std@@@std@@@std@@ABA?AV?$ostreambuf_iterator@DU?$char_traits@D@std@@@2@V32@PBDID@Z 00408320 f i main.obj
 0001:00007400       ??4?$ostreambuf_iterator@DU?$char_traits@D@std@@@std@@QAEAAV01@D@Z 00408400 f i main.obj
 0001:00007460       ?sputc@?$basic_streambuf@DU?$char_traits@D@std@@@std@@QAEHD@Z 00408460 f i main.obj
 0001:000074d0       ?decimal_point@?$numpunct@D@std@@QBEDXZ 004084d0 f i main.obj
 0001:000074f0       ?thousands_sep@?$numpunct@D@std@@QBEDXZ 004084f0 f i main.obj
 0001:00007510       ?grouping@?$numpunct@D@std@@QBE?AV?$basic_string@DU?$char_traits@D@std@@V?$allocator@D@2@@2@XZ 00408510 f i main.obj
 0001:00007550       ?append@?$basic_string@DU?$char_traits@D@std@@V?$allocator@D@2@@std@@QAEAAV12@ABV12@II@Z 00408550 f i main.obj
 0001:00007610       ??$use_facet@V?$numpunct@D@std@@@std@@YAABV?$numpunct@D@0@ABVlocale@0@@Z 00408610 f i main.obj
 0001:00007700       ??$_Maklocchr@D@std@@YADDPADABU_Cvtvec@@@Z 00408700 f i main.obj
 0001:00007710       ?_Getcat@?$numpunct@D@std@@SAIPAPBVfacet@locale@2@PBV42@@Z 00408710 f i main.obj
 0001:00007810       ??0?$numpunct@D@std@@QAE@ABV_Locinfo@1@I_N@Z 00408810 f i main.obj
 0001:00007880       ?do_decimal_point@?$numpunct@D@std@@MBEDXZ 00408880 f i main.obj
 0001:000078a0       ?do_thousands_sep@?$numpunct@D@std@@MBEDXZ 004088a0 f i main.obj
 0001:000078c0       ?do_grouping@?$numpunct@D@std@@MBE?AV?$basic_string@DU?$char_traits@D@std@@V?$allocator@D@2@@2@XZ 004088c0 f i main.obj
 0001:00007900       ?do_falsename@?$numpunct@D@std@@MBE?AV?$basic_string@DU?$char_traits@D@std@@V?$allocator@D@2@@2@XZ 00408900 f i main.obj
 0001:00007940       ?do_truename@?$numpunct@D@std@@MBE?AV?$basic_string@DU?$char_traits@D@std@@V?$allocator@D@2@@2@XZ 00408940 f i main.obj
 0001:00007980       ??_E?$numpunct@D@std@@MAEPAXI@Z 00408980 f i main.obj
 0001:00007980       ??_G?$numpunct@D@std@@MAEPAXI@Z 00408980 f i main.obj
 0001:000079b0       ??1?$numpunct@D@std@@MAE@XZ 004089b0 f i main.obj
 0001:00007a10       ?_Tidy@?$numpunct@D@std@@AAEXXZ 00408a10 f i main.obj
 0001:00007a50       ??$_DebugHeapDelete@X@std@@YAXPAX@Z 00408a50 f i main.obj
 0001:00007a70       ?_Init@?$num_put@DV?$ostreambuf_iterator@DU?$char_traits@D@std@@@std@@@std@@IAEXABV_Locinfo@2@@Z 00408a70 f i main.obj
 0001:00007aa0       ?_Getcvt@_Locinfo@std@@QBE?AU_Cvtvec@@XZ 00408aa0 f i main.obj
 0001:00007ad0       ?_Init@?$numpunct@D@std@@IAEXABV_Locinfo@2@_N@Z 00408ad0 f i main.obj
 0001:00007cc0       ?_Getlconv@_Locinfo@std@@QBEPBUlconv@@XZ 00408cc0 f i main.obj
 0001:00007cd0       ?_Getfalse@_Locinfo@std@@QBEPBDXZ 00408cd0 f i main.obj
 0001:00007ce0       ?_Gettrue@_Locinfo@std@@QBEPBDXZ 00408ce0 f i main.obj
 0001:00007cf0       ??$_Iter_cat@PBD@std@@YA?AUrandom_access_iterator_tag@0@ABQBD@Z 00408cf0 f i main.obj
 0001:00007d10       ??$_Debug_range2@PBD@std@@YAXPBD0PB_WIUrandom_access_iterator_tag@0@@Z 00408d10 f i main.obj
 0001:00007d70       ??$?8DD@std@@YA_NABV?$allocator@D@0@0@Z 00408d70 f i main.obj
 0001:00007d80       ??$_Maklocstr@D@std@@YAPADPBDPADABU_Cvtvec@@@Z 00408d80 f i main.obj
 0001:00007e20       ??0id@locale@std@@QAE@I@Z  00408e20 f i main.obj
 0001:00007e40       ?init_Window@@YAXHHHHH_N@Z 00408e40 f   Window.obj
 0001:00008160       ?destroy_Window@@YAXXZ     00409160 f   Window.obj
 0001:000081a0       ??0LTexture@@QAE@XZ        004091a0 f   LTexture.obj
 0001:000081d0       ??1LTexture@@QAE@XZ        004091d0 f   LTexture.obj
 0001:000081f0       ?loadFromFile@LTexture@@QAE_NV?$basic_string@DU?$char_traits@D@std@@V?$allocator@D@2@@std@@@Z 004091f0 f   LTexture.obj
 0001:00008330       ?free@LTexture@@QAEXXZ     00409330 f   LTexture.obj
 0001:00008370       ?setColor@LTexture@@QAEXEEE@Z 00409370 f   LTexture.obj
 0001:000083a0       ?setBlendMode@LTexture@@QAEXW4SDL_BlendMode@@@Z 004093a0 f   LTexture.obj
 0001:000083c0       ?setAlpha@LTexture@@QAEXE@Z 004093c0 f   LTexture.obj
 0001:000083e0       ?render@LTexture@@QAEXHHHHPAUSDL_Rect@@@Z 004093e0 f   LTexture.obj
 0001:00008470       ?getWidth@LTexture@@QAEHXZ 00409470 f   LTexture.obj
 0001:00008490       ?getHeight@LTexture@@QAEHXZ 00409490 f   LTexture.obj
 0001:000084a2       _SDL_DestroyTexture        004094a2 f   SDL2:SDL2.dll
 0001:000084a8       _SDL_FreeSurface           004094a8 f   SDL2:SDL2.dll
 0001:000084ae       _SDL_RenderCopy            004094ae f   SDL2:SDL2.dll
 0001:000084b4       _SDL_CreateTextureFromSurface 004094b4 f   SDL2:SDL2.dll
 0001:000084ba       _SDL_GetMouseState         004094ba f   SDL2:SDL2.dll
 0001:000084c0       _SDL_RenderDrawRect        004094c0 f   SDL2:SDL2.dll
 0001:000084c6       _SDL_SetRenderDrawColor    004094c6 f   SDL2:SDL2.dll
 0001:000084cc       _SDL_RenderFillRect        004094cc f   SDL2:SDL2.dll
 0001:000084d2       _SDL_MapRGB                004094d2 f   SDL2:SDL2.dll
 0001:000084d8       _SDL_LoadBMP_RW            004094d8 f   SDL2:SDL2.dll
 0001:000084de       _SDL_RWFromFile            004094de f   SDL2:SDL2.dll
 0001:000084e4       _SDL_RenderPresent         004094e4 f   SDL2:SDL2.dll
 0001:000084ea       _SDL_RenderClear           004094ea f   SDL2:SDL2.dll
 0001:000084f0       _SDL_PollEvent             004094f0 f   SDL2:SDL2.dll
 0001:000084f6       _SDL_GetKeyboardState      004094f6 f   SDL2:SDL2.dll
 0001:000084fc       _SDL_RenderSetLogicalSize  004094fc f   SDL2:SDL2.dll
 0001:00008502       _SDL_CreateRenderer        00409502 f   SDL2:SDL2.dll
 0001:00008508       _SDL_CreateWindow          00409508 f   SDL2:SDL2.dll
 0001:0000850e       _SDL_SetHint               0040950e f   SDL2:SDL2.dll
 0001:00008514       _SDL_GetError              00409514 f   SDL2:SDL2.dll
 0001:0000851a       _SDL_Init                  0040951a f   SDL2:SDL2.dll
 0001:00008520       _SDL_Quit                  00409520 f   SDL2:SDL2.dll
 0001:00008526       _SDL_DestroyWindow         00409526 f   SDL2:SDL2.dll
 0001:0000852c       _SDL_DestroyRenderer       0040952c f   SDL2:SDL2.dll
 0001:00008532       _SDL_SetColorKey           00409532 f   SDL2:SDL2.dll
 0001:00008538       _SDL_SetTextureColorMod    00409538 f   SDL2:SDL2.dll
 0001:0000853e       _SDL_SetTextureBlendMode   0040953e f   SDL2:SDL2.dll
 0001:00008544       _SDL_SetTextureAlphaMod    00409544 f   SDL2:SDL2.dll
 0001:0000854a       _IMG_Quit                  0040954a f   SDL2_image:SDL2_image.dll
 0001:00008550       _IMG_Init                  00409550 f   SDL2_image:SDL2_image.dll
 0001:00008556       _IMG_Load                  00409556 f   SDL2_image:SDL2_image.dll
 0001:0000855c       _Mix_OpenAudio             0040955c f   SDL2_mixer:SDL2_mixer.dll
 0001:00008570       ??0_Init_locks@std@@QAE@XZ 00409570 f   libcpmtd:xlock.obj
 0001:000085c0       ??1_Init_locks@std@@QAE@XZ 004095c0 f   libcpmtd:xlock.obj
 0001:00008610       ??0_Lockit@std@@QAE@H@Z    00409610 f   libcpmtd:xlock.obj
 0001:00008650       ??1_Lockit@std@@QAE@XZ     00409650 f   libcpmtd:xlock.obj
 0001:00008680       ?_Ios_base_dtor@ios_base@std@@CAXPAV12@@Z 00409680 f   libcpmtd:ios.obj
 0001:000086e0       ?_Tidy@ios_base@std@@AAEXXZ 004096e0 f i libcpmtd:ios.obj
 0001:00008770       ?_Callfns@ios_base@std@@AAEXW4event@12@@Z 00409770 f i libcpmtd:ios.obj
 0001:000087c0       ?_Addstd@ios_base@std@@SAXPAV12@@Z 004097c0 f   libcpmtd:ios.obj
 0001:00008860       ??0_Mutex@std@@QAE@XZ      00409860 f   libcpmtd:xmutex.obj
 0001:000088b0       ??1_Mutex@std@@QAE@XZ      004098b0 f   libcpmtd:xmutex.obj
 0001:000088e0       ?_Lock@_Mutex@std@@QAEXXZ  004098e0 f   libcpmtd:xmutex.obj
 0001:00008900       ?_Unlock@_Mutex@std@@QAEXXZ 00409900 f   libcpmtd:xmutex.obj
 0001:00008920       ??$_DebugHeapDelete@U_RTL_CRITICAL_SECTION@@@std@@YAXPAU_RTL_CRITICAL_SECTION@@@Z 00409920 f i libcpmtd:xmutex.obj
 0001:00008920       ??$_DebugHeapDelete@U_Iosarray@ios_base@std@@@std@@YAXPAU_Iosarray@ios_base@0@@Z 00409920 f i libcpmtd:ios.obj
 0001:00008920       ??$_DebugHeapDelete@U_Fnarray@ios_base@std@@@std@@YAXPAU_Fnarray@ios_base@0@@Z 00409920 f i libcpmtd:ios.obj
 0001:00008940       ?iostream_category@std@@YAABVerror_category@1@XZ 00409940 f   libcpmtd:syserror.obj
 0001:00008950       ??0_Generic_error_category@std@@QAE@XZ 00409950 f i libcpmtd:syserror.obj
 0001:00008980       ??0error_category@std@@QAE@XZ 00409980 f i libcpmtd:syserror.obj
 0001:000089a0       ??_Eerror_category@std@@UAEPAXI@Z 004099a0 f i libcpmtd:syserror.obj
 0001:000089a0       ??_Gerror_category@std@@UAEPAXI@Z 004099a0 f i libcpmtd:syserror.obj
 0001:000089d0       ??1error_category@std@@UAE@XZ 004099d0 f i libcpmtd:syserror.obj
 0001:000089f0       ?default_error_condition@error_category@std@@UBE?AVerror_condition@2@H@Z 004099f0 f i libcpmtd:syserror.obj
 0001:000089f0       ?default_error_condition@_System_error_category@std@@UBE?AVerror_condition@2@H@Z 004099f0 f i libcpmtd:syserror.obj
 0001:00008a20       ?equivalent@error_category@std@@UBE_NHABVerror_condition@2@@Z 00409a20 f i libcpmtd:syserror.obj
 0001:00008a60       ??8error_condition@std@@QBE_NABV01@@Z 00409a60 f i libcpmtd:syserror.obj
 0001:00008ac0       ??8error_category@std@@QBE_NABV01@@Z 00409ac0 f i libcpmtd:syserror.obj
 0001:00008ae0       ?value@error_code@std@@QBEHXZ 00409ae0 f i libcpmtd:syserror.obj
 0001:00008ae0       ?value@error_condition@std@@QBEHXZ 00409ae0 f i libcpmtd:syserror.obj
 0001:00008b00       ?category@error_code@std@@QBEABVerror_category@2@XZ 00409b00 f i libcpmtd:syserror.obj
 0001:00008b00       ?name@_Iostream_error_category@std@@UBEPBDXZ 00409b00 f i libcpmtd:syserror.obj
 0001:00008b00       ?category@error_condition@std@@QBEABVerror_category@2@XZ 00409b00 f i libcpmtd:syserror.obj
 0001:00008b00       ?name@_Generic_error_category@std@@UBEPBDXZ 00409b00 f i libcpmtd:syserror.obj
 0001:00008b20       ?equivalent@error_category@std@@UBE_NABVerror_code@2@H@Z 00409b20 f i libcpmtd:syserror.obj
 0001:00008b70       ?message@_Generic_error_category@std@@UBE?AV?$basic_string@DU?$char_traits@D@std@@V?$allocator@D@2@@2@H@Z 00409b70 f i libcpmtd:syserror.obj
 0001:00008bb0       ??1_Generic_error_category@std@@UAE@XZ 00409bb0 f i libcpmtd:syserror.obj
 0001:00008bb0       ??1_Iostream_error_category@std@@UAE@XZ 00409bb0 f i libcpmtd:syserror.obj
 0001:00008bd0       ??0_Iostream_error_category@std@@QAE@XZ 00409bd0 f i libcpmtd:syserror.obj
 0001:00008c00       ?message@_Iostream_error_category@std@@UBE?AV?$basic_string@DU?$char_traits@D@std@@V?$allocator@D@2@@2@H@Z 00409c00 f i libcpmtd:syserror.obj
 0001:00008c60       ??_E_Iostream_error_category@std@@UAEPAXI@Z 00409c60 f i libcpmtd:syserror.obj
 0001:00008c60       ??_E_Generic_error_category@std@@UAEPAXI@Z 00409c60 f i libcpmtd:syserror.obj
 0001:00008c60       ??_G_Iostream_error_category@std@@UAEPAXI@Z 00409c60 f i libcpmtd:syserror.obj
 0001:00008c60       ??_G_Generic_error_category@std@@UAEPAXI@Z 00409c60 f i libcpmtd:syserror.obj
 0001:00008c90       ??0_System_error_category@std@@QAE@XZ 00409c90 f i libcpmtd:syserror.obj
 0001:00008cc0       ?name@_System_error_category@std@@UBEPBDXZ 00409cc0 f i libcpmtd:syserror.obj
 0001:00008ce0       ??_E_System_error_category@std@@UAEPAXI@Z 00409ce0 f i libcpmtd:syserror.obj
 0001:00008ce0       ??_G_System_error_category@std@@UAEPAXI@Z 00409ce0 f i libcpmtd:syserror.obj
 0001:00008d10       ??1_System_error_category@std@@UAE@XZ 00409d10 f i libcpmtd:syserror.obj
 0001:00008d30       ?uncaught_exception@std@@YA_NXZ 00409d30 f   libcpmtd:uncaught.obj
 0001:00008d40       ??2@YAPAXIABU_DebugHeapTag_t@std@@PADH@Z 00409d40 f   libcpmtd:xdebug.obj
 0001:00008dc0       ??0bad_alloc@std@@QAE@XZ   00409dc0 f i libcpmtd:xdebug.obj
 0001:00008df0       ??_U@YAPAXIABU_DebugHeapTag_t@std@@PADH@Z 00409df0 f   libcpmtd:xdebug.obj
 0001:00008e10       ??3@YAXPAXABU_DebugHeapTag_t@std@@PADH@Z 00409e10 f   libcpmtd:xdebug.obj
 0001:00008e30       ?_DebugHeapTag_func@std@@YAABU_DebugHeapTag_t@1@XZ 00409e30 f   libcpmtd:xdebug.obj
 0001:00008e40       ?_Facet_Register@facet@locale@std@@CAXPAV123@@Z 00409e40 f   libcpmtd:locale0.obj
 0001:00008ee0       ??0error_condition@std@@QAE@HABVerror_category@1@@Z 00409ee0 f i libcpmtd:syserror.obj
 0001:00008ee0       ??0_Fac_node@std@@QAE@PAU01@PAVfacet@locale@1@@Z 00409ee0 f i libcpmtd:locale0.obj
 0001:00008f10       __Deletegloballocale       00409f10 f   libcpmtd:locale0.obj
 0001:00008f40       ?_Getgloballocale@locale@std@@CAPAV_Locimp@12@XZ 00409f40 f   libcpmtd:locale0.obj
 0001:00008f50       ?_Setgloballocale@locale@std@@CAXPAX@Z 00409f50 f   libcpmtd:locale0.obj
 0001:00008fd0       ??0_Locimp@locale@std@@AAE@_N@Z 00409fd0 f i libcpmtd:locale0.obj
 0001:00009070       ??0locale@std@@AAE@PAV_Locimp@01@@Z 0040a070 f i libcpmtd:locale0.obj
 0001:00009090       ??_G_Locimp@locale@std@@MAEPAXI@Z 0040a090 f i libcpmtd:locale0.obj
 0001:00009090       ??_E_Locimp@locale@std@@MAEPAXI@Z 0040a090 f i libcpmtd:locale0.obj
 0001:000090c0       ??1_Locimp@locale@std@@MAE@XZ 0040a0c0 f i libcpmtd:locale0.obj
 0001:00009140       ?_Init@locale@std@@CAPAV_Locimp@12@XZ 0040a140 f   libcpmtd:locale0.obj
 0001:00009290       ?_Locimp_dtor@_Locimp@locale@std@@CAXPAV123@@Z 0040a290 f   libcpmtd:locale0.obj
 0001:00009340       ?_Locinfo_ctor@_Locinfo@std@@SAXPAV12@PBD@Z 0040a340 f   libcpmtd:locale0.obj
 0001:000093c0       ?_Locinfo_dtor@_Locinfo@std@@SAXPAV12@@Z 0040a3c0 f   libcpmtd:locale0.obj
 0001:000093f0       ??0?$_Yarn@D@std@@QAE@PBD@Z 0040a3f0 f i libcpmtd:locale0.obj
 0001:00009420       ??4?$_Yarn@D@std@@QAEAAV01@PBD@Z 0040a420 f i libcpmtd:locale0.obj
 0001:000094c0       ?_Empty@?$_Yarn@D@std@@QBE_NXZ 0040a4c0 f i libcpmtd:locale0.obj
 0001:000094e0       ?_C_str@?$_Yarn@D@std@@QBEPBDXZ 0040a4e0 f i libcpmtd:locale0.obj
 0001:00009510       ??0locale@std@@QAE@W4_Uninitialized@1@@Z 0040a510 f i libcpmtd:locale0.obj
 0001:00009530       ??1_Fac_tidy_reg_t@std@@QAE@XZ 0040a530 f i libcpmtd:locale0.obj
 0001:000095d0       ??$_DebugHeapDelete@U_Fac_node@std@@@std@@YAXPAU_Fac_node@0@@Z 0040a5d0 f i libcpmtd:locale0.obj
 0001:00009600       ??_G_Fac_node@std@@QAEPAXI@Z 0040a600 f i libcpmtd:locale0.obj
 0001:00009630       ??1_Fac_node@std@@QAE@XZ   0040a630 f i libcpmtd:locale0.obj
 0001:00009660       ??0logic_error@std@@QAE@PBD@Z 0040a660 f i libcpmtd:xthrow.obj
 0001:00009690       ??_Glogic_error@std@@UAEPAXI@Z 0040a690 f i libcpmtd:xthrow.obj
 0001:00009690       ??_Elogic_error@std@@UAEPAXI@Z 0040a690 f i libcpmtd:xthrow.obj
 0001:000096c0       ??1logic_error@std@@UAE@XZ 0040a6c0 f i libcpmtd:xthrow.obj
 0001:000096e0       ??0logic_error@std@@QAE@ABV01@@Z 0040a6e0 f i libcpmtd:xthrow.obj
 0001:00009710       ?_Xlength_error@std@@YAXPBD@Z 0040a710 f   libcpmtd:xthrow.obj
 0001:00009740       ??0length_error@std@@QAE@PBD@Z 0040a740 f i libcpmtd:xthrow.obj
 0001:00009770       ??_Gout_of_range@std@@UAEPAXI@Z 0040a770 f i libcpmtd:xthrow.obj
 0001:00009770       ??_Glength_error@std@@UAEPAXI@Z 0040a770 f i libcpmtd:xthrow.obj
 0001:00009770       ??_Elength_error@std@@UAEPAXI@Z 0040a770 f i libcpmtd:xthrow.obj
 0001:00009770       ??_Eout_of_range@std@@UAEPAXI@Z 0040a770 f i libcpmtd:xthrow.obj
 0001:000097a0       ??1length_error@std@@UAE@XZ 0040a7a0 f i libcpmtd:xthrow.obj
 0001:000097a0       ??1out_of_range@std@@UAE@XZ 0040a7a0 f i libcpmtd:xthrow.obj
 0001:000097c0       ??0length_error@std@@QAE@ABV01@@Z 0040a7c0 f i libcpmtd:xthrow.obj
 0001:000097f0       ?_Xout_of_range@std@@YAXPBD@Z 0040a7f0 f   libcpmtd:xthrow.obj
 0001:00009820       ??0out_of_range@std@@QAE@PBD@Z 0040a820 f i libcpmtd:xthrow.obj
 0001:00009850       ??0out_of_range@std@@QAE@ABV01@@Z 0040a850 f i libcpmtd:xthrow.obj
 0001:00009880       __Tolower                  0040a880 f   libcpmtd:_tolower.obj
 0001:00009a00       __Getctype                 0040aa00 f   libcpmtd:_tolower.obj
 0001:00009a90       __Toupper                  0040aa90 f   libcpmtd:_toupper.obj
 0001:00009c10       ?_Debug_message@std@@YAXPB_W0I@Z 0040ac10 f   libcpmtd:stdthrow.obj
 0001:00009c40       __Getcvt                   0040ac40 f   libcpmtd:xwctomb.obj
 0001:00009c70       __Mtxinit                  0040ac70 f   libcpmtd:xmtx.obj
 0001:00009c90       __Mtxdst                   0040ac90 f   libcpmtd:xmtx.obj
 0001:00009cb0       __Mtxlock                  0040acb0 f   libcpmtd:xmtx.obj
 0001:00009cd0       __Mtxunlock                0040acd0 f   libcpmtd:xmtx.obj
 0001:00009cf0       ?_Atexit@@YAXP6AXXZ@Z      0040acf0 f   libcpmtd:iosptrs.obj
 0001:00009d30       ??1_Init_atexit@@QAE@XZ    0040ad30 f i libcpmtd:iosptrs.obj
 0001:00009e20       _printf                    0040ae20 f   LIBCMTD:printf.obj
 0001:00009f60       __get_printf_count_output  0040af60 f   LIBCMTD:printf.obj
 0001:00009f80       @__security_check_cookie@4 0040af80 f   LIBCMTD:secchk.obj
 0001:00009f90       __cinit                    0040af90 f   LIBCMTD:crt0dat.obj
 0001:0000a030       _exit                      0040b030 f   LIBCMTD:crt0dat.obj
 0001:0000a050       __exit                     0040b050 f   LIBCMTD:crt0dat.obj
 0001:0000a070       __cexit                    0040b070 f   LIBCMTD:crt0dat.obj
 0001:0000a090       __c_exit                   0040b090 f   LIBCMTD:crt0dat.obj
 0001:0000a0b0       __amsg_exit                0040b0b0 f   LIBCMTD:crt0dat.obj
 0001:0000a0e0       ___freeCrtMemory           0040b0e0 f   LIBCMTD:crt0dat.obj
 0001:0000a420       ___crtCorExitProcess       0040b420 f   LIBCMTD:crt0dat.obj
 0001:0000a460       ___crtExitProcess          0040b460 f   LIBCMTD:crt0dat.obj
 0001:0000a480       __lockexit                 0040b480 f   LIBCMTD:crt0dat.obj
 0001:0000a4a0       __unlockexit               0040b4a0 f   LIBCMTD:crt0dat.obj
 0001:0000a4c0       __init_pointers            0040b4c0 f   LIBCMTD:crt0dat.obj
 0001:0000a550       __initterm_e               0040b550 f   LIBCMTD:crt0dat.obj
 0001:0000a590       ?_JumpToContinuation@@YGXPAXPAUEHRegistrationNode@@@Z 0040b590 f   LIBCMTD:_trnsctrl_.obj
 0001:0000a5d0       ?_CallMemberFunction2@@YGXPAX00H@Z 0040b5d0 f   LIBCMTD:_trnsctrl_.obj
 0001:0000a5d0       ?_CallMemberFunction1@@YGXPAX00@Z 0040b5d0 f   LIBCMTD:_trnsctrl_.obj
 0001:0000a5d0       ?_CallMemberFunction0@@YGXPAX0@Z 0040b5d0 f   LIBCMTD:_trnsctrl_.obj
 0001:0000a5e0       ?_UnwindNestedFrames@@YGXPAUEHRegistrationNode@@PAUEHExceptionRecord@@@Z 0040b5e0 f   LIBCMTD:_trnsctrl_.obj
 0001:0000a640       ___CxxFrameHandler3        0040b640 f   LIBCMTD:_trnsctrl_.obj
 0001:0000a680       ?_CallCatchBlock2@@YAPAXPAUEHRegistrationNode@@PBU_s_FuncInfo@@PAXHK@Z 0040b680 f   LIBCMTD:_trnsctrl_.obj
 0001:0000a740       ?_CallSETranslator@@YAHPAUEHExceptionRecord@@PAUEHRegistrationNode@@PAX2PBU_s_FuncInfo@@H1@Z 0040b740 f   LIBCMTD:_trnsctrl_.obj
 0001:0000a8e0       ?_GetRangeOfTrysToCheck@@YAPBU_s_TryBlockMapEntry@@PBU_s_FuncInfo@@HHPAI1@Z 0040b8e0 f   LIBCMTD:_trnsctrl_.obj
 0001:0000a960       __CreateFrameInfo          0040b960 f   LIBCMTD:_trnsctrl_.obj
 0001:0000a990       __IsExceptionObjectToBeDestroyed 0040b990 f   LIBCMTD:_trnsctrl_.obj
 0001:0000a9c0       __FindAndUnlinkFrame       0040b9c0 f   LIBCMTD:_trnsctrl_.obj
 0001:0000aa20       ??3@YAXPAX@Z               0040ba20 f   LIBCMTD:dbgdel.obj
 0001:0000ab10       _memcpy                    0040bb10 f   LIBCMTD:memcpy.obj
 0001:0000ae80       __CxxThrowException@8      0040be80 f   LIBCMTD:throw.obj
 0001:0000aee0       ??1type_info@@UAE@XZ       0040bee0 f   LIBCMTD:typinfo.obj
 0001:0000af10       ??_Gtype_info@@UAEPAXI@Z   0040bf10 f i LIBCMTD:typinfo.obj
 0001:0000af10       ??_Etype_info@@UAEPAXI@Z   0040bf10 f i LIBCMTD:typinfo.obj
 0001:0000af40       ??8type_info@@QBE_NABV0@@Z 0040bf40 f   LIBCMTD:typinfo.obj
 0001:0000af70       ??_Eexception@std@@UAEPAXI@Z 0040bf70 f i LIBCMTD:stdexcpt.obj
 0001:0000af70       ??_Gexception@std@@UAEPAXI@Z 0040bf70 f i LIBCMTD:stdexcpt.obj
 0001:0000afa0       ??0exception@std@@QAE@ABQBD@Z 0040bfa0 f   LIBCMTD:stdexcpt.obj
 0001:0000afe0       ??0exception@std@@QAE@ABQBDH@Z 0040bfe0 f   LIBCMTD:stdexcpt.obj
 0001:0000b010       ??0exception@std@@QAE@ABV01@@Z 0040c010 f   LIBCMTD:stdexcpt.obj
 0001:0000b050       ??4exception@std@@QAEAAV01@ABV01@@Z 0040c050 f   LIBCMTD:stdexcpt.obj
 0001:0000b0a0       ??1exception@std@@UAE@XZ   0040c0a0 f   LIBCMTD:stdexcpt.obj
 0001:0000b0c0       ?what@exception@std@@UBEPBDXZ 0040c0c0 f   LIBCMTD:stdexcpt.obj
 0001:0000b0f0       ?_Copy_str@exception@std@@AAEXPBD@Z 0040c0f0 f   LIBCMTD:stdexcpt.obj
 0001:0000b160       ?_Tidy@exception@std@@AAEXXZ 0040c160 f   LIBCMTD:stdexcpt.obj
 0001:0000b1a0       ??0bad_cast@std@@QAE@PBD@Z 0040c1a0 f   LIBCMTD:stdexcpt.obj
 0001:0000b1d0       ??_Gbad_cast@std@@UAEPAXI@Z 0040c1d0 f i LIBCMTD:stdexcpt.obj
 0001:0000b1d0       ??_Ebad_cast@std@@UAEPAXI@Z 0040c1d0 f i LIBCMTD:stdexcpt.obj
 0001:0000b200       ??0bad_cast@std@@QAE@ABV01@@Z 0040c200 f   LIBCMTD:stdexcpt.obj
 0001:0000b230       ??1bad_cast@std@@UAE@XZ    0040c230 f   LIBCMTD:stdexcpt.obj
 0001:0000b250       _memmove                   0040c250 f   LIBCMTD:memmove.obj
 0001:0000b5c0       _free                      0040c5c0 f   LIBCMTD:dbgfree.obj
 0001:0000b5e0       ??_V@YAXPAX@Z              0040c5e0 f   LIBCMTD:delete2.obj
 0001:0000b600       __malloc_dbg               0040c600 f   LIBCMTD:dbgheap.obj
 0001:0000b630       __nh_malloc_dbg            0040c630 f   LIBCMTD:dbgheap.obj
 0001:0000bad0       __calloc_dbg_impl          0040cad0 f   LIBCMTD:dbgheap.obj
 0001:0000bb50       __calloc_dbg               0040cb50 f   LIBCMTD:dbgheap.obj
 0001:0000bbb0       __realloc_dbg              0040cbb0 f   LIBCMTD:dbgheap.obj
 0001:0000c250       __free_dbg                 0040d250 f   LIBCMTD:dbgheap.obj
 0001:0000c2d0       __free_dbg_nolock          0040d2d0 f   LIBCMTD:dbgheap.obj
 0001:0000c7b0       __msize_dbg                0040d7b0 f   LIBCMTD:dbgheap.obj
 0001:0000c9e0       __CrtCheckMemory           0040d9e0 f   LIBCMTD:dbgheap.obj
 0001:0000ce40       __CrtSetDbgFlag            0040de40 f   LIBCMTD:dbgheap.obj
 0001:0000cf90       __CrtIsValidPointer        0040df90 f   LIBCMTD:dbgheap.obj
 0001:0000cfa0       __CrtIsValidHeapPointer    0040dfa0 f   LIBCMTD:dbgheap.obj
 0001:0000d000       __CrtMemCheckpoint         0040e000 f   LIBCMTD:dbgheap.obj
 0001:0000d220       __CrtMemDumpAllObjectsSince 0040e220 f   LIBCMTD:dbgheap.obj
 0001:0000d260       ??0_LocaleUpdate@@QAE@PAUlocaleinfo_struct@@@Z 0040e260 f i LIBCMTD:dbgheap.obj
 0001:0000d340       ??1_LocaleUpdate@@QAE@XZ   0040e340 f i LIBCMTD:dbgheap.obj
 0001:0000d370       ?GetLocaleT@_LocaleUpdate@@QAEPAUlocaleinfo_struct@@XZ 0040e370 f i LIBCMTD:dbgheap.obj
 0001:0000d830       __invoke_watson_if_oneof   0040e830 f i LIBCMTD:dbgheap.obj
 0001:0000d870       __CrtDumpMemoryLeaks       0040e870 f   LIBCMTD:dbgheap.obj
 0001:0000d8f0       __CrtSetCheckCount         0040e8f0 f   LIBCMTD:dbgheap.obj
 0001:0000d910       __CrtGetCheckCount         0040e910 f   LIBCMTD:dbgheap.obj
 0001:0000d920       __itoa_s                   0040e920 f   LIBCMTD:xtoas.obj
 0001:0000dcf0       ??2@YAPAXI@Z               0040ecf0 f   LIBCMTD:new.obj
 0001:0000dd70       _sprintf_s                 0040ed70 f   LIBCMTD:sprintf.obj
 0001:0000dda0       __snprintf_s               0040eda0 f   LIBCMTD:sprintf.obj
 0001:0000ddd0       __fpmath                   0040edd0 f   LIBCMTD:_fpinit_.obj
 0001:0000ddf0       __cfltcvt_init             0040edf0 f   LIBCMTD:_fpinit_.obj
 0001:0000de60       _strcspn                   0040ee60 f   LIBCMTD:strcspn.obj
 0001:0000deb0       _memchr                    0040eeb0 f   LIBCMTD:memchr.obj
 0001:0000df60       _localeconv                0040ef60 f   LIBCMTD:lconv.obj
 0001:0000dfb0       _memmove_s                 0040efb0 f   LIBCMTD:memmove_s.obj
 0001:0000e110       _memset                    0040f110 f   LIBCMTD:memset.obj
 0001:0000e190       __onexit                   0040f190 f   LIBCMTD:onexit.obj
 0001:0000e360       _atexit                    0040f360 f   LIBCMTD:onexit.obj
 0001:0000e380       ___onexitinit              0040f380 f   LIBCMTD:onexit.obj
 0001:0000e3e0       __wassert                  0040f3e0 f   LIBCMTD:wassert.obj
 0001:0000ef70       __invoke_watson_if_error   0040ff70 f i LIBCMTD:wassert.obj
 0001:0000efe0       _mainCRTStartup            0040ffe0 f   LIBCMTD:crt0.obj
 0001:0000f240       __purecall                 00410240 f   LIBCMTD:purevirt.obj
 0001:0000f280       _strerror                  00410280 f   LIBCMTD:strerror.obj
 0001:0000f330       __get_sys_err_msg          00410330 f i LIBCMTD:strerror.obj
 0001:0000f370       _strlen                    00410370 f   LIBCMTD:strlen.obj
 0001:0000f400       ___InternalCxxFrameHandler 00410400 f   LIBCMTD:frame.obj
 0001:0000fa00       ??0bad_exception@std@@QAE@PBD@Z 00410a00 f i LIBCMTD:frame.obj
 0001:0000fa30       ??1bad_exception@std@@UAE@XZ 00410a30 f i LIBCMTD:frame.obj
 0001:0000fa50       ??_Gbad_exception@std@@UAEPAXI@Z 00410a50 f i LIBCMTD:frame.obj
 0001:0000fa50       ??_Ebad_exception@std@@UAEPAXI@Z 00410a50 f i LIBCMTD:frame.obj
 0001:0000fa80       ??0bad_exception@std@@QAE@ABV01@@Z 00410a80 f i LIBCMTD:frame.obj
 0001:0000fc40       ___TypeMatch               00410c40 f   LIBCMTD:frame.obj
 0001:0000fcf0       ___FrameUnwindFilter       00410cf0 f   LIBCMTD:frame.obj
 0001:0000fd70       ___FrameUnwindToState      00410d70 f   LIBCMTD:frame.obj
 0001:000102b0       ___BuildCatchObjectHelper  004112b0 f   LIBCMTD:frame.obj
 0001:00010520       ___BuildCatchObject        00411520 f   LIBCMTD:frame.obj
 0001:00010630       ___DestructExceptionObject 00411630 f   LIBCMTD:frame.obj
 0001:000106e0       ___AdjustPointer           004116e0 f   LIBCMTD:frame.obj
 0001:00010730       ?__uncaught_exception@@YA_NXZ 00411730 f   LIBCMTD:frame.obj
 0001:000108f0       __locterm                  004118f0 f   LIBCMTD:setlocal.obj
 0001:00010990       __free_locale              00411990 f   LIBCMTD:setlocal.obj
 0001:00010b20       _setlocale                 00411b20 f   LIBCMTD:setlocal.obj
 0001:000119d0       __expandlocale             004129d0 f   LIBCMTD:setlocal.obj
 0001:00011c80       __strcats                  00412c80 f   LIBCMTD:setlocal.obj
 0001:00011d00       ___lc_strtolc              00412d00 f   LIBCMTD:setlocal.obj
 0001:00011f00       ___lc_lctostr              00412f00 f   LIBCMTD:setlocal.obj
 0001:00011fa0       ___crtLCMapStringA         00412fa0 f   LIBCMTD:a_map.obj
 0001:00012290       __MarkAllocaS              00413290 f i LIBCMTD:a_map.obj
 0001:000122c0       __freea                    004132c0 f i LIBCMTD:a_map.obj
 0001:00012380       ___pctype_func             00413380 f   LIBCMTD:ctype.obj
 0001:000123d0       __isupper_l                004133d0 f i LIBCMTD:_ctype.obj
 0001:00012450       _isupper                   00413450 f i LIBCMTD:_ctype.obj
 0001:00012480       __islower_l                00413480 f i LIBCMTD:_ctype.obj
 0001:00012500       _islower                   00413500 f i LIBCMTD:_ctype.obj
 0001:00012530       __isdigit_l                00413530 f i LIBCMTD:_ctype.obj
 0001:000125b0       _isdigit                   004135b0 f i LIBCMTD:_ctype.obj
 0001:000125e0       ___init_ctype              004135e0 f   LIBCMTD:initctyp.obj
 0001:00012b90       ____lc_codepage_func       00413b90 f   LIBCMTD:initctyp.obj
 0001:00012be0       ____lc_handle_func         00413be0 f   LIBCMTD:initctyp.obj
 0001:00012c30       __CrtDbgReportW            00413c30 f   LIBCMTD:dbgrptw.obj
 0001:00012c70       __CrtDbgReportWV           00413c70 f i LIBCMTD:dbgrptw.obj
 0001:00012ca0       ___crtMessageWindowW       00413ca0 f   LIBCMTD:dbgrptw.obj
 0001:000130a0       __dosmaperr                004140a0 f   LIBCMTD:dosmap.obj
 0001:000130d0       __get_errno_from_oserr     004140d0 f   LIBCMTD:dosmap.obj
 0001:00013150       __errno                    00414150 f   LIBCMTD:dosmap.obj
 0001:00013180       ___doserrno                00414180 f   LIBCMTD:dosmap.obj
 0001:000131b0       _abort                     004141b0 f   LIBCMTD:abort.obj
 0001:00013210       __set_abort_behavior       00414210 f   LIBCMTD:abort.obj
 0001:00013240       ___iob_func                00414240 f   LIBCMTD:_file.obj
 0001:00013250       ___initstdio               00414250 f   LIBCMTD:_file.obj
 0001:000133a0       ___endstdio                004143a0 f   LIBCMTD:_file.obj
 0001:000133d0       __lock_file                004143d0 f   LIBCMTD:_file.obj
 0001:00013430       __lock_file2               00414430 f   LIBCMTD:_file.obj
 0001:00013470       __unlock_file              00414470 f   LIBCMTD:_file.obj
 0001:000134d0       __unlock_file2             004144d0 f   LIBCMTD:_file.obj
 0001:00013510       __stbuf                    00414510 f   LIBCMTD:_sftbuf.obj
 0001:00013670       __ftbuf                    00414670 f   LIBCMTD:_sftbuf.obj
 0001:00013700       __output_l                 00414700 f   LIBCMTD:output.obj
 0001:00014ac0       _get_int_arg               00415ac0 f i LIBCMTD:output.obj
 0001:00014ae0       _get_int64_arg             00415ae0 f i LIBCMTD:output.obj
 0001:00014b00       _get_short_arg             00415b00 f i LIBCMTD:output.obj
 0001:00014b20       __initp_misc_invarg        00415b20 f   LIBCMTD:invarg.obj
 0001:00014b30       __invalid_parameter        00415b30 f   LIBCMTD:invarg.obj
 0001:00014b90       __invoke_watson            00415b90 f   LIBCMTD:invarg.obj
 0001:00014bc0       __call_reportfault         00415bc0 f   LIBCMTD:invarg.obj
 0001:00014d10       __except_handler4          00415d10 f   LIBCMTD:chandler4.obj
 0001:00014f30       ___report_gsfailure        00415f30 f   LIBCMTD:gs_report.obj
 0001:00015040       __RTC_Initialize           00416040 f   LIBCMTD:_initsect_.obj
 0001:00015070       __RTC_Terminate            00416070 f   LIBCMTD:_initsect_.obj
 0001:000150a0       __initp_misc_cfltcvt_tab   004160a0 f   LIBCMTD:cmiscdat.obj
 0001:000150e0       __ValidateImageBase        004160e0 f   LIBCMTD:pesect.obj
 0001:00015140       __FindPESection            00416140 f   LIBCMTD:pesect.obj
 0001:000151c0       __IsNonwritableInCurrentImage 004161c0 f   LIBCMTD:pesect.obj
 0001:000152e0       __FF_MSGBANNER             004162e0 f   LIBCMTD:crt0msg.obj
 0001:00015330       __GET_RTERRMSG             00416330 f   LIBCMTD:crt0msg.obj
 0001:00015380       __NMSG_WRITE               00416380 f   LIBCMTD:crt0msg.obj
 0001:000156c0       ___updatetmbcinfo          004166c0 f   LIBCMTD:mbctype.obj
 0001:000157d0       __setmbcp                  004167d0 f   LIBCMTD:mbctype.obj
 0001:00015b80       __setmbcp_nolock           00416b80 f   LIBCMTD:mbctype.obj
 0001:00016370       ___initmbctable            00417370 f   LIBCMTD:mbctype.obj
 0001:000163a0       __encoded_null             004173a0 f   LIBCMTD:tidtable.obj
 0001:000163b0       ___crtTlsAlloc@4           004173b0 f   LIBCMTD:tidtable.obj
 0001:000163c0       ___set_flsgetvalue         004173c0 f   LIBCMTD:tidtable.obj
 0001:00016410       __mtinit                   00417410 f   LIBCMTD:tidtable.obj
 0001:00016610       __mtterm                   00417610 f   LIBCMTD:tidtable.obj
 0001:00016670       __initptd                  00417670 f   LIBCMTD:tidtable.obj
 0001:000167a0       __getptd_noexit            004177a0 f   LIBCMTD:tidtable.obj
 0001:00016860       __getptd                   00417860 f   LIBCMTD:tidtable.obj
 0001:00016890       __freefls@4                00417890 f   LIBCMTD:tidtable.obj
 0001:00016aa0       __mtinitlocks              00417aa0 f   LIBCMTD:mlock.obj
 0001:00016b30       __mtdeletelocks            00417b30 f   LIBCMTD:mlock.obj
 0001:00016bf0       __mtinitlocknum            00417bf0 f   LIBCMTD:mlock.obj
 0001:00016d40       __lock                     00417d40 f   LIBCMTD:mlock.obj
 0001:00016d80       __unlock                   00417d80 f   LIBCMTD:mlock.obj
 0001:00016da0       __initp_eh_hooks           00417da0 f   LIBCMTD:hooks.obj
 0001:00016dc0       ?terminate@@YAXXZ          00417dc0 f   LIBCMTD:hooks.obj
 0001:00016e40       ?unexpected@@YAXXZ         00417e40 f   LIBCMTD:hooks.obj
 0001:00016e70       ?_inconsistency@@YAXXZ     00417e70 f   LIBCMTD:hooks.obj
 0001:00016f00       __initp_misc_winsig        00417f00 f   LIBCMTD:winsig.obj
 0001:00016f30       _raise                     00417f30 f   LIBCMTD:winsig.obj
 0001:000172a0       ___get_sigabrt             004182a0 f   LIBCMTD:winsig.obj
 0001:000172c0       __initp_misc_rand_s        004182c0 f   LIBCMTD:rand_s.obj
 0001:000172d0       ___getlocaleinfo           004182d0 f   LIBCMTD:inithelp.obj
 0001:000175b0       __initp_misc_purevirt      004185b0 f   LIBCMTD:inithelp.obj
 0001:000175c0       __initp_heap_handler       004185c0 f   LIBCMTD:handler.obj
 0001:000175d0       __callnewh                 004185d0 f   LIBCMTD:handler.obj
 0001:00017610       __CallSettingFrame@12      00418610 f   LIBCMTD:lowhelpr.obj
 0001:00017637       __NLG_Return               00418637     LIBCMTD:lowhelpr.obj
 0001:00017660       __VEC_memcpy               00418660 f   LIBCMTD:p4_memcpy.obj
 0001:00017770       ___sse2_available_init     00418770 f   LIBCMTD:cpu_disp.obj
 0001:00017790       ?_Type_info_dtor@type_info@@CAXPAV1@@Z 00418790 f   LIBCMTD:typname.obj
 0001:000178a0       _strcmp                    004188a0 f   LIBCMTD:strcmp.obj
 0001:00017930       _strcpy_s                  00418930 f   LIBCMTD:strcpy_s.obj
 0001:00017c10       _malloc                    00418c10 f   LIBCMTD:dbgmalloc.obj
 0001:00017c40       __malloc_base              00418c40 f   LIBCMTD:malloc.obj
 0001:00017cd0       __heap_alloc_base          00418cd0 f i LIBCMTD:malloc.obj
 0001:00017d30       __CrtDbgReport             00418d30 f   LIBCMTD:dbgrpt.obj
 0001:00017d70       __CrtDbgReportV            00418d70 f i LIBCMTD:dbgrpt.obj
 0001:00017da0       ___crtMessageWindowA       00418da0 f   LIBCMTD:dbgrpt.obj
 0001:000181a0       __CrtDefaultAllocHook      004191a0 f   LIBCMTD:dbghook.obj
 0001:000181b0       __crt_debugger_hook        004191b0 f   LIBCMTD:dbghook.obj
 0001:000181d0       __expand_base              004191d0 f   LIBCMTD:expand.obj
 0001:00018330       __realloc_base             00419330 f   LIBCMTD:realloc.obj
 0001:00018430       __free_base                00419430 f   LIBCMTD:free.obj
 0001:00018480       __heapchk                  00419480 f   LIBCMTD:heapchk.obj
 0001:000184b0       __heap_init                004194b0 f   LIBCMTD:heapinit.obj
 0001:000184f0       ___addlocaleref            004194f0 f   LIBCMTD:localref.obj
 0001:00018610       ___removelocaleref         00419610 f   LIBCMTD:localref.obj
 0001:00018740       ___freetlocinfo            00419740 f   LIBCMTD:localref.obj
 0001:00018a20       __updatetlocinfoEx_nolock  00419a20 f   LIBCMTD:localref.obj
 0001:00018aa0       ___updatetlocinfo          00419aa0 f   LIBCMTD:localref.obj
 0001:00018b70       __chvalidator              00419b70 f   LIBCMTD:isctype.obj
 0001:00018bc0       __chvalidator_l            00419bc0 f   LIBCMTD:isctype.obj
 0001:00018c70       __isctype_l                00419c70 f   LIBCMTD:isctype.obj
 0001:00018d90       __aulldiv                  00419d90 f   LIBCMTD:ulldiv.obj
 0001:00018e00       __aullrem                  00419e00 f   LIBCMTD:ullrem.obj
 0001:00018e80       __flsbuf                   00419e80 f   LIBCMTD:_flsbuf.obj
 0001:00019140       __vsnprintf_helper         0041a140 f   LIBCMTD:vsnprnc.obj
 0001:00019330       __vsprintf_s_l             0041a330 f   LIBCMTD:vsnprnc.obj
 0001:000195a0       __vsnprintf_s_l            0041a5a0 f   LIBCMTD:vsnprnc.obj
 0001:00019940       __vsnprintf_s              0041a940 f   LIBCMTD:vsnprnc.obj
 0001:00019970       __setdefaultprecision      0041a970 f   LIBCMTD:fp8.obj
 0001:000199b0       __forcdecpt                0041a9b0 f   LIBCMTD:cvt.obj
 0001:000199d0       __forcdecpt_l              0041a9d0 f   LIBCMTD:cvt.obj
 0001:00019a90       __cropzeros                0041aa90 f   LIBCMTD:cvt.obj
 0001:00019ab0       __cropzeros_l              0041aab0 f   LIBCMTD:cvt.obj
 0001:00019bc0       __positive                 0041abc0 f   LIBCMTD:cvt.obj
 0001:00019bf0       __fassign_l                0041abf0 f   LIBCMTD:cvt.obj
 0001:00019c50       __fassign                  0041ac50 f   LIBCMTD:cvt.obj
 0001:00019c70       __cftoe_l                  0041ac70 f   LIBCMTD:cvt.obj
 0001:0001a1c0       __cftoe                    0041b1c0 f   LIBCMTD:cvt.obj
 0001:0001a1f0       __cftoa_l                  0041b1f0 f   LIBCMTD:cvt.obj
 0001:0001a9d0       ?strrchr@@YAPADPADH@Z      0041b9d0 f i LIBCMTD:cvt.obj
 0001:0001a9f0       __cftof_l                  0041b9f0 f   LIBCMTD:cvt.obj
 0001:0001ae00       __cftog_l                  0041be00 f   LIBCMTD:cvt.obj
 0001:0001b030       __cfltcvt_l                0041c030 f   LIBCMTD:cvt.obj
 0001:0001b0f0       __cfltcvt                  0041c0f0 f   LIBCMTD:cvt.obj
 0001:0001b150       __VEC_memzero              0041c150 f   LIBCMTD:p4_memset.obj
 0001:0001b210       ___crtMessageBoxW          0041c210 f   LIBCMTD:crtmboxw.obj
 0001:0001b430       __itow_s                   0041c430 f   LIBCMTD:xtows.obj
 0001:0001b810       _wcsncat_s                 0041c810 f   LIBCMTD:wcsncat_s.obj
 0001:0001bcc0       _wcsncpy_s                 0041ccc0 f   LIBCMTD:wcsncpy_s.obj
 0001:0001c0d0       _wcscat_s                  0041d0d0 f   LIBCMTD:wcscat_s.obj
 0001:0001c4c0       _wcscpy_s                  0041d4c0 f   LIBCMTD:wcscpy_s.obj
 0001:0001c7a0       _fflush                    0041d7a0 f   LIBCMTD:fflush.obj
 0001:0001c840       __fflush_nolock            0041d840 f   LIBCMTD:fflush.obj
 0001:0001c8a0       __flush                    0041d8a0 f   LIBCMTD:fflush.obj
 0001:0001c960       __flushall                 0041d960 f   LIBCMTD:fflush.obj
 0001:0001cb30       _fwprintf                  0041db30 f   LIBCMTD:fwprintf.obj
 0001:0001ccb0       _setvbuf                   0041dcb0 f   LIBCMTD:setvbuf.obj
 0001:0001cf80       _wcslen                    0041df80 f   LIBCMTD:wcslen.obj
 0001:0001cfb0       __set_error_mode           0041dfb0 f   LIBCMTD:errmode.obj
 0001:0001d070       __vswprintf_helper         0041e070 f   LIBCMTD:vswprnc.obj
 0001:0001d2d0       __vswprintf_c_l            0041e2d0 f   LIBCMTD:vswprnc.obj
 0001:0001d320       __vsnwprintf_s_l           0041e320 f   LIBCMTD:vswprnc.obj
 0001:0001d6d0       __vsnwprintf_s             0041e6d0 f   LIBCMTD:vswprnc.obj
 0001:0001d700       ?__CxxUnhandledExceptionFilter@@YGJPAU_EXCEPTION_POINTERS@@@Z 0041e700 f   LIBCMTD:unhandld.obj
 0001:0001d770       ___CxxSetUnhandledExceptionFilter 0041e770 f   LIBCMTD:unhandld.obj
 0001:0001d790       ___security_init_cookie    0041e790 f   LIBCMTD:gs_support.obj
 0001:0001d870       __XcptFilter               0041e870 f   LIBCMTD:winxfltr.obj
 0001:0001dad0       __setenvp                  0041ead0 f   LIBCMTD:stdenvp.obj
 0001:0001dc70       __setargv                  0041ec70 f   LIBCMTD:stdargv.obj
 0001:0001dd90       __set_pgmptr               0041ed90 f i LIBCMTD:stdargv.obj
 0001:0001e100       ___crtGetEnvironmentStringsA 0041f100 f   LIBCMTD:a_env.obj
 0001:0001e200       __ioinit                   0041f200 f   LIBCMTD:ioinit.obj
 0001:0001e610       ___sys_nerr                0041f610 f   LIBCMTD:syserr.obj
 0001:0001e620       ___sys_errlist             0041f620 f   LIBCMTD:syserr.obj
 0001:0001e630       _strncpy_s                 0041f630 f   LIBCMTD:strncpy_s.obj
 0001:0001ea20       ?_ValidateWrite@@YAHPAXI@Z 0041fa20 f   LIBCMTD:validate.obj
 0001:0001ea20       ?_ValidateExecute@@YAHP6GHXZ@Z 0041fa20 f   LIBCMTD:validate.obj
 0001:0001ea20       ?_ValidateRead@@YAHPBXI@Z  0041fa20 f   LIBCMTD:validate.obj
 0001:0001ea50       ___init_time               0041fa50 f   LIBCMTD:inittime.obj
 0001:0001f780       ___free_lc_time            00420780 f   LIBCMTD:inittime.obj
 0001:0001fdf0       ___init_numeric            00420df0 f   LIBCMTD:initnum.obj
 0001:00020120       ___free_lconv_num          00421120 f   LIBCMTD:initnum.obj
 0001:000201d0       ___init_monetary           004211d0 f   LIBCMTD:initmon.obj
 0001:000207c0       ___free_lconv_mon          004217c0 f   LIBCMTD:initmon.obj
 0001:00020970       ___init_collate            00421970 f   LIBCMTD:initcoll.obj
 0001:00020970       ___init_dummy              00421970 f   LIBCMTD:setlocal.obj
 0001:00020980       _strncmp                   00421980 f   LIBCMTD:strncmp.obj
 0001:00020b00       _strpbrk                   00421b00 f   LIBCMTD:strpbrk.obj
 0001:00020b40       _memcmp                    00421b40 f   LIBCMTD:memcmp.obj
 0001:000215b0       ___crtGetStringTypeA       004225b0 f   LIBCMTD:a_str.obj
 0001:00021720       _strcat_s                  00422720 f   LIBCMTD:strcat_s.obj
 0001:00021b00       ___get_qualified_locale    00422b00 f   LIBCMTD:getqloc.obj
 0001:00022960       __CrtDbgBreak              00423960 f   LIBCMTD:dbgrptt.obj
 0001:00022970       __VCrtDbgReportA           00423970 f   LIBCMTD:dbgrptt.obj
 0001:000231a0       __VCrtDbgReportW           004241a0 f   LIBCMTD:dbgrptt.obj
 0001:00023ad0       __snwprintf_s              00424ad0 f   LIBCMTD:swprintf.obj
 0001:00023b00       _memcpy_s                  00424b00 f   LIBCMTD:memcpy_s.obj
 0001:00023c90       __chkstk                   00424c90 f   LIBCMTD:chkstk.obj
 0001:00023c90       __alloca_probe             00424c90     LIBCMTD:chkstk.obj
 0001:00023cc0       __fcloseall                00424cc0 f   LIBCMTD:closeall.obj
 0001:00023df0       __isatty                   00424df0 f   LIBCMTD:isatty.obj
 0001:00023eb0       __fileno                   00424eb0 f   LIBCMTD:fileno.obj
 0001:00023f30       __wctomb_s_l               00424f30 f   LIBCMTD:wctomb.obj
 0001:00024230       _wctomb_s                  00425230 f   LIBCMTD:wctomb.obj
 0001:00024260       __isleadbyte_l             00425260 f i LIBCMTD:_wctype.obj
 0001:000242b0       _isleadbyte                004252b0 f i LIBCMTD:_wctype.obj
 0001:000242d0       __local_unwind4            004252d0 f   LIBCMTD:exsup4.obj
 0001:000243a6       __seh_longjmp_unwind4@4    004253a6 f   LIBCMTD:exsup4.obj
 0001:000243c2       @_EH4_CallFilterFunc@8     004253c2 f   LIBCMTD:exsup4.obj
 0001:000243d9       @_EH4_TransferToHandler@8  004253d9 f   LIBCMTD:exsup4.obj
 0001:000243f2       @_EH4_GlobalUnwind2@8      004253f2 f   LIBCMTD:exsup4.obj
 0001:0002440b       @_EH4_LocalUnwind@16       0042540b f   LIBCMTD:exsup4.obj
 0001:00024430       __output_s_l               00425430 f   LIBCMTD:outputs.obj
 0001:00025910       __fptrap                   00426910 f   LIBCMTD:crt0fp.obj
 0001:00025930       ___crtGetLocaleInfoA       00426930 f   LIBCMTD:a_loc.obj
 0001:00025a90       __global_unwind2           00426a90 f   LIBCMTD:exsup.obj
 0001:00025af5       __local_unwind2            00426af5 f   LIBCMTD:exsup.obj
 0001:00025b79       __abnormal_termination     00426b79 f   LIBCMTD:exsup.obj
 0001:00025b9c       __NLG_Notify1              00426b9c f   LIBCMTD:exsup.obj
 0001:00025ba5       __NLG_Notify               00426ba5 f   LIBCMTD:exsup.obj
 0001:00025bbc       __NLG_Dispatch2            00426bbc     LIBCMTD:exsup.obj
 0001:00025bbc       __NLG_Dispatch             00426bbc     LIBCMTD:exsup.obj
 0001:00025bc4       __NLG_Call                 00426bc4 f   LIBCMTD:exsup.obj
 0001:00025bc6       __NLG_Return2              00426bc6     LIBCMTD:exsup.obj
 0001:00025bd0       ___crtMessageBoxA          00426bd0 f   LIBCMTD:crtmbox.obj
 0001:00025df0       __lseeki64                 00426df0 f   LIBCMTD:lseeki64.obj
 0001:00026040       __lseeki64_nolock          00427040 f   LIBCMTD:lseeki64.obj
 0001:00026130       __write                    00427130 f   LIBCMTD:write.obj
 0001:00026360       __write_nolock             00427360 f   LIBCMTD:write.obj
 0001:00026ea0       __getbuf                   00427ea0 f   LIBCMTD:_getbuf.obj
 0001:00026f70       __controlfp_s              00427f70 f   LIBCMTD:_contrlfp_.obj
 0001:00027050       __tolower_l                00428050 f   LIBCMTD:tolower.obj
 0001:00027230       _tolower                   00428230 f   LIBCMTD:tolower.obj
 0001:00027280       __atodbl_l                 00428280 f   LIBCMTD:atodbl.obj
 0001:00027390       __atoflt_l                 00428390 f   LIBCMTD:atodbl.obj
 0001:000274a0       __fptostr                  004284a0 f   LIBCMTD:_fptostr.obj
 0001:00027750       __fltout2                  00428750 f   LIBCMTD:_cfout_.obj
 0001:00027800       ___dtold                   00428800 f   LIBCMTD:_cfout_.obj
 0001:00027960       __allrem                   00428960 f   LIBCMTD:llrem.obj
 0001:00027a20       __alldiv                   00428a20 f   LIBCMTD:lldiv.obj
 0001:00027ad0       __allshl                   00428ad0 f   LIBCMTD:llshl.obj
 0001:00027af0       __aullshr                  00428af0 f   LIBCMTD:ullshr.obj
 0001:00027b10       _strrchr                   00428b10 f   LIBCMTD:strrchr.obj
 0001:00027b40       __commit                   00428b40 f   LIBCMTD:commit.obj
 0001:00027d60       __woutput_l                00428d60 f   LIBCMTD:woutput.obj
 0001:00028f60       __freebuf                  00429f60 f   LIBCMTD:_freebuf.obj
 0001:00028ff0       __woutput_s_l              00429ff0 f   LIBCMTD:woutputs.obj
 0001:0002a1f0       __ismbblead                0042b1f0 f   LIBCMTD:ismbbyte.obj
 0001:0002a2e0       __stricmp_l                0042b2e0 f   LIBCMTD:stricmp.obj
 0001:0002a490       ___ascii_stricmp           0042b490 f   LIBCMTD:stricmp.obj
 0001:0002a510       __stricmp                  0042b510 f   LIBCMTD:stricmp.obj
 0001:0002a620       __strnicmp_l               0042b620 f   LIBCMTD:strnicmp.obj
 0001:0002a860       __strnicmp                 0042b860 f   LIBCMTD:strnicmp.obj
 0001:0002a9f0       _atol                      0042b9f0 f   LIBCMTD:atox.obj
 0001:0002aa10       __mbstowcs_l_helper        0042ba10 f   LIBCMTD:mbstowcs.obj
 0001:0002ad60       __mbstowcs_s_l             0042bd60 f   LIBCMTD:mbstowcs.obj
 0001:0002b0e0       _mbstowcs_s                0042c0e0 f   LIBCMTD:mbstowcs.obj
 0001:0002b110       __wcstombs_l_helper        0042c110 f   LIBCMTD:wcstombs.obj
 0001:0002b650       __wcstombs_s_l             0042c650 f   LIBCMTD:wcstombs.obj
 0001:0002b980       _wcstombs_s                0042c980 f   LIBCMTD:wcstombs.obj
 0001:0002b9b0       _fclose                    0042c9b0 f   LIBCMTD:fclose.obj
 0001:0002bac0       __fclose_nolock            0042cac0 f   LIBCMTD:fclose.obj
 0001:0002bbc0       _strtol                    0042cbc0 f   LIBCMTD:strtol.obj
 0001:0002c0f0       __free_osfhnd              0042d0f0 f   LIBCMTD:osfinfo.obj
 0001:0002c1e0       __get_osfhandle            0042d1e0 f   LIBCMTD:osfinfo.obj
[...]
 0001:0002f84b       __ehhandler$??1?$basic_iostream@DU?$char_traits@D@std@@@std@@UAE@XZ 0043084b f   main.obj
 0001:0002f870       __unwindfunclet$??1?$basic_streambuf@DU?$char_traits@D@std@@@std@@UAE@XZ$0 00430870 f   main.obj
 0001:0002f87b       __ehhandler$??1?$basic_streambuf@DU?$char_traits@D@std@@@std@@UAE@XZ 0043087b f   main.obj
 0001:0002f8a0       __unwindfunclet$??0?$_String_val@DV?$allocator@D@std@@@std@@QAE@V?$allocator@D@1@@Z$0 004308a0 f   main.obj
 0001:0002f8a8       __ehhandler$??0?$_String_val@DV?$allocator@D@std@@@std@@QAE@V?$allocator@D@1@@Z 004308a8 f   main.obj
 0001:0002f8d0       __unwindfunclet$??1?$_String_val@DV?$allocator@D@std@@@std@@QAE@XZ$0 004308d0 f   main.obj
 0001:0002f8d8       __ehhandler$??1?$_String_val@DV?$allocator@D@std@@@std@@QAE@XZ 004308d8 f   main.obj
 0001:0002f900       __unwindfunclet$??0system_error@std@@QAE@Verror_code@1@PBD@Z$0 00430900 f   main.obj
 0001:0002f908       __ehhandler$??0system_error@std@@QAE@Verror_code@1@PBD@Z 00430908 f   main.obj
 0001:0002f930       __unwindfunclet$??0?$basic_iostream@DU?$char_traits@D@std@@@std@@QAE@PAV?$basic_streambuf@DU?$char_traits@D@std@@@1@@Z$0 00430930 f   main.obj
 0001:0002f94c       __unwindfunclet$??0?$basic_iostream@DU?$char_traits@D@std@@@std@@QAE@PAV?$basic_streambuf@DU?$char_traits@D@std@@@1@@Z$1 0043094c f   main.obj
 0001:0002f957       __ehhandler$??0?$basic_iostream@DU?$char_traits@D@std@@@std@@QAE@PAV?$basic_streambuf@DU?$char_traits@D@std@@@1@@Z 00430957 f   main.obj
 0001:0002f980       __unwindfunclet$??1?$basic_stringbuf@DU?$char_traits@D@std@@V?$allocator@D@2@@std@@UAE@XZ$0 00430980 f   main.obj
 0001:0002f980       __unwindfunclet$??0?$basic_stringbuf@DU?$char_traits@D@std@@V?$allocator@D@2@@std@@QAE@H@Z$0 00430980 f   main.obj
 0001:0002f988       __ehhandler$??0?$basic_stringbuf@DU?$char_traits@D@std@@V?$allocator@D@2@@std@@QAE@H@Z 00430988 f   main.obj
 0001:0002f988       __ehhandler$??1?$basic_stringbuf@DU?$char_traits@D@std@@V?$allocator@D@2@@std@@UAE@XZ 00430988 f   main.obj
 0001:0002f9b0       __unwindfunclet$?str@?$basic_stringbuf@DU?$char_traits@D@std@@V?$allocator@D@2@@std@@QBE?AV?$basic_string@DU?$char_traits@D@std@@V?$allocator@D@2@@2@XZ$0 004309b0 f   main.obj
 0001:0002f9b8       __unwindfunclet$?str@?$basic_stringbuf@DU?$char_traits@D@std@@V?$allocator@D@2@@std@@QBE?AV?$basic_string@DU?$char_traits@D@std@@V?$allocator@D@2@@2@XZ$1 004309b8 f   main.obj
 0001:0002f9d1       __unwindfunclet$?str@?$basic_stringbuf@DU?$char_traits@D@std@@V?$allocator@D@2@@std@@QBE?AV?$basic_string@DU?$char_traits@D@std@@V?$allocator@D@2@@2@XZ$2 004309d1 f   main.obj
 0001:0002f9d9       __unwindfunclet$?str@?$basic_stringbuf@DU?$char_traits@D@std@@V?$allocator@D@2@@std@@QBE?AV?$basic_string@DU?$char_traits@D@std@@V?$allocator@D@2@@2@XZ$3 004309d9 f   main.obj
 0001:0002f9e1       __ehhandler$?str@?$basic_stringbuf@DU?$char_traits@D@std@@V?$allocator@D@2@@std@@QBE?AV?$basic_string@DU?$char_traits@D@std@@V?$allocator@D@2@@2@XZ 004309e1 f   main.obj
 0001:0002fa10       __unwindfunclet$??0sentry@?$basic_ostream@DU?$char_traits@D@std@@@std@@QAE@AAV12@@Z$0 00430a10 f   main.obj
 0001:0002fa10       __unwindfunclet$??1sentry@?$basic_ostream@DU?$char_traits@D@std@@@std@@QAE@XZ$0 00430a10 f   main.obj
 0001:0002fa18       __ehhandler$??0sentry@?$basic_ostream@DU?$char_traits@D@std@@@std@@QAE@AAV12@@Z 00430a18 f   main.obj
 0001:0002fa18       __ehhandler$??1sentry@?$basic_ostream@DU?$char_traits@D@std@@@std@@QAE@XZ 00430a18 f   main.obj
 0001:0002fa40       __unwindfunclet$??0?$basic_string@DU?$char_traits@D@std@@V?$allocator@D@2@@std@@QAE@XZ$0 00430a40 f   main.obj
 0001:0002fa40       __unwindfunclet$??0?$basic_string@DU?$char_traits@D@std@@V?$allocator@D@2@@std@@QAE@PBD@Z$0 00430a40 f   main.obj
 0001:0002fa40       __unwindfunclet$??0?$basic_string@DU?$char_traits@D@std@@V?$allocator@D@2@@std@@QAE@$$QAV01@@Z$0 00430a40 f   main.obj
 0001:0002fa40       __unwindfunclet$??0?$basic_string@DU?$char_traits@D@std@@V?$allocator@D@2@@std@@QAE@PBDI@Z$0 00430a40 f   main.obj
 0001:0002fa48       __ehhandler$??0?$basic_string@DU?$char_traits@D@std@@V?$allocator@D@2@@std@@QAE@PBDI@Z 00430a48 f   main.obj
 0001:0002fa48       __ehhandler$??0?$basic_string@DU?$char_traits@D@std@@V?$allocator@D@2@@std@@QAE@XZ 00430a48 f   main.obj
 0001:0002fa48       __ehhandler$??0?$basic_string@DU?$char_traits@D@std@@V?$allocator@D@2@@std@@QAE@$$QAV01@@Z 00430a48 f   main.obj
 0001:0002fa48       __ehhandler$??0?$basic_string@DU?$char_traits@D@std@@V?$allocator@D@2@@std@@QAE@PBD@Z 00430a48 f   main.obj
 0001:0002fa70       __unwindfunclet$??0?$basic_ostream@DU?$char_traits@D@std@@@std@@QAE@W4_Uninitialized@1@_N@Z$0 00430a70 f   main.obj
 0001:0002fa8c       __ehhandler$??0?$basic_ostream@DU?$char_traits@D@std@@@std@@QAE@W4_Uninitialized@1@_N@Z 00430a8c f   main.obj
 0001:0002fab0       __ehhandler$?_Osfx@?$basic_ostream@DU?$char_traits@D@std@@@std@@QAEXXZ 00430ab0 f   main.obj
 0001:0002fad0       __unwindfunclet$??0?$basic_istream@DU?$char_traits@D@std@@@std@@QAE@PAV?$basic_streambuf@DU?$char_traits@D@std@@@1@_N@Z$0 00430ad0 f   main.obj
 0001:0002faec       __ehhandler$??0?$basic_istream@DU?$char_traits@D@std@@@std@@QAE@PAV?$basic_streambuf@DU?$char_traits@D@std@@@1@_N@Z 00430aec f   main.obj
 0001:0002fb10       __unwindfunclet$??0?$basic_streambuf@DU?$char_traits@D@std@@@std@@IAE@XZ$0 00430b10 f   main.obj
 0001:0002fb1b       __ehhandler$??0?$basic_streambuf@DU?$char_traits@D@std@@@std@@IAE@XZ 00430b1b f   main.obj
 0001:0002fb40       __ehhandler$?_Copy@?$basic_string@DU?$char_traits@D@std@@V?$allocator@D@2@@std@@QAEXII@Z 00430b40 f   main.obj
 0001:0002fb60       __unwindfunclet$?widen@?$basic_ios@DU?$char_traits@D@std@@@std@@QBEDD@Z$0 00430b60 f   main.obj
 0001:0002fb68       __ehhandler$?widen@?$basic_ios@DU?$char_traits@D@std@@@std@@QBEDD@Z 00430b68 f   main.obj
 0001:0002fb90       __unwindfunclet$?_Getcat@?$ctype@D@std@@SAIPAPBVfacet@locale@2@PBV42@@Z$0 00430b90 f   main.obj
 0001:0002fbab       __unwindfunclet$?_Getcat@?$ctype@D@std@@SAIPAPBVfacet@locale@2@PBV42@@Z$1 00430bab f   main.obj
 0001:0002fbc4       __ehhandler$?_Getcat@?$ctype@D@std@@SAIPAPBVfacet@locale@2@PBV42@@Z 00430bc4 f   main.obj
 0001:0002fbe0       __unwindfunclet$??0_Locinfo@std@@QAE@PBD@Z$0 00430be0 f   main.obj
 0001:0002fbe8       __unwindfunclet$??0_Locinfo@std@@QAE@PBD@Z$1 00430be8 f   main.obj
 0001:0002fbf3       __unwindfunclet$??0_Locinfo@std@@QAE@PBD@Z$2 00430bf3 f   main.obj
 0001:0002fbfe       __unwindfunclet$??0_Locinfo@std@@QAE@PBD@Z$3 00430bfe f   main.obj
 0001:0002fc09       __unwindfunclet$??0_Locinfo@std@@QAE@PBD@Z$4 00430c09 f   main.obj
 0001:0002fc14       __ehhandler$??0_Locinfo@std@@QAE@PBD@Z 00430c14 f   main.obj
 0001:0002fc30       __unwindfunclet$??1_Locinfo@std@@QAE@XZ$0 00430c30 f   main.obj
 0001:0002fc38       __unwindfunclet$??1_Locinfo@std@@QAE@XZ$1 00430c38 f   main.obj
 0001:0002fc43       __unwindfunclet$??1_Locinfo@std@@QAE@XZ$2 00430c43 f   main.obj
 0001:0002fc4e       __unwindfunclet$??1_Locinfo@std@@QAE@XZ$3 00430c4e f   main.obj
 0001:0002fc59       __unwindfunclet$??1_Locinfo@std@@QAE@XZ$4 00430c59 f   main.obj
 0001:0002fc64       __ehhandler$??1_Locinfo@std@@QAE@XZ 00430c64 f   main.obj
 0001:0002fc80       __unwindfunclet$??1?$ctype@D@std@@MAE@XZ$0 00430c80 f   main.obj
 0001:0002fc80       __unwindfunclet$??0?$ctype@D@std@@QAE@ABV_Locinfo@1@I@Z$0 00430c80 f   main.obj
 0001:0002fc88       __ehhandler$??1?$ctype@D@std@@MAE@XZ 00430c88 f   main.obj
 0001:0002fc88       __ehhandler$??0?$ctype@D@std@@QAE@ABV_Locinfo@1@I@Z 00430c88 f   main.obj
 0001:0002fcb0       __unwindfunclet$?_Getcat@?$num_put@DV?$ostreambuf_iterator@DU?$char_traits@D@std@@@std@@@std@@SAIPAPBVfacet@locale@2@PBV42@@Z$0 00430cb0 f   main.obj
 0001:0002fccb       __unwindfunclet$?_Getcat@?$num_put@DV?$ostreambuf_iterator@DU?$char_traits@D@std@@@std@@@std@@SAIPAPBVfacet@locale@2@PBV42@@Z$1 00430ccb f   main.obj
 0001:0002fce4       __ehhandler$?_Getcat@?$num_put@DV?$ostreambuf_iterator@DU?$char_traits@D@std@@@std@@@std@@SAIPAPBVfacet@locale@2@PBV42@@Z 00430ce4 f   main.obj
 0001:0002fd00       __unwindfunclet$?construct@?$allocator@U_Container_proxy@std@@@std@@QAEXPAU_Container_proxy@2@$$QAU32@@Z$0 00430d00 f   main.obj
 0001:0002fd11       __ehhandler$?construct@?$allocator@U_Container_proxy@std@@@std@@QAEXPAU_Container_proxy@2@$$QAU32@@Z 00430d11 f   main.obj
 0001:0002fd30       __unwindfunclet$?do_put@?$num_put@DV?$ostreambuf_iterator@DU?$char_traits@D@std@@@std@@@std@@MBE?AV?$ostreambuf_iterator@DU?$char_traits@D@std@@@2@V32@AAVios_base@2@D_N@Z$0 00430d30 f   main.obj
 0001:0002fd38       __unwindfunclet$?do_put@?$num_put@DV?$ostreambuf_iterator@DU?$char_traits@D@std@@@std@@@std@@MBE?AV?$ostreambuf_iterator@DU?$char_traits@D@std@@@2@V32@AAVios_base@2@D_N@Z$1 00430d38 f   main.obj
 0001:0002fd40       __unwindfunclet$?do_put@?$num_put@DV?$ostreambuf_iterator@DU?$char_traits@D@std@@@std@@@std@@MBE?AV?$ostreambuf_iterator@DU?$char_traits@D@std@@@2@V32@AAVios_base@2@D_N@Z$2 00430d40 f   main.obj
 0001:0002fd48       __unwindfunclet$?do_put@?$num_put@DV?$ostreambuf_iterator@DU?$char_traits@D@std@@@std@@@std@@MBE?AV?$ostreambuf_iterator@DU?$char_traits@D@std@@@2@V32@AAVios_base@2@D_N@Z$3 00430d48 f   main.obj
 0001:0002fd50       __ehhandler$?do_put@?$num_put@DV?$ostreambuf_iterator@DU?$char_traits@D@std@@@std@@@std@@MBE?AV?$ostreambuf_iterator@DU?$char_traits@D@std@@@2@V32@AAVios_base@2@D_N@Z 00430d50 f   main.obj
 0001:0002fd80       __unwindfunclet$?_Fput@?$num_put@DV?$ostreambuf_iterator@DU?$char_traits@D@std@@@std@@@std@@ABA?AV?$ostreambuf_iterator@DU?$char_traits@D@std@@@2@V32@AAVios_base@2@DPBDIIII@Z$0 00430d80 f   main.obj
 0001:0002fd8b       __unwindfunclet$?_Fput@?$num_put@DV?$ostreambuf_iterator@DU?$char_traits@D@std@@@std@@@std@@ABA?AV?$ostreambuf_iterator@DU?$char_traits@D@std@@@2@V32@AAVios_base@2@DPBDIIII@Z$1 00430d8b f   main.obj
 0001:0002fd93       __unwindfunclet$?_Fput@?$num_put@DV?$ostreambuf_iterator@DU?$char_traits@D@std@@@std@@@std@@ABA?AV?$ostreambuf_iterator@DU?$char_traits@D@std@@@2@V32@AAVios_base@2@DPBDIIII@Z$2 00430d93 f   main.obj
 0001:0002fd9b       __ehhandler$?_Fput@?$num_put@DV?$ostreambuf_iterator@DU?$char_traits@D@std@@@std@@@std@@ABA?AV?$ostreambuf_iterator@DU?$char_traits@D@std@@@2@V32@AAVios_base@2@DPBDIIII@Z 00430d9b f   main.obj
 0001:0002fdd0       __unwindfunclet$?_Iput@?$num_put@DV?$ostreambuf_iterator@DU?$char_traits@D@std@@@std@@@std@@ABA?AV?$ostreambuf_iterator@DU?$char_traits@D@std@@@2@V32@AAVios_base@2@DPADI@Z$0 00430dd0 f   main.obj
 0001:0002fdd8       __unwindfunclet$?_Iput@?$num_put@DV?$ostreambuf_iterator@DU?$char_traits@D@std@@@std@@@std@@ABA?AV?$ostreambuf_iterator@DU?$char_traits@D@std@@@2@V32@AAVios_base@2@DPADI@Z$1 00430dd8 f   main.obj
 0001:0002fde0       __ehhandler$?_Iput@?$num_put@DV?$ostreambuf_iterator@DU?$char_traits@D@std@@@std@@@std@@ABA?AV?$ostreambuf_iterator@DU?$char_traits@D@std@@@2@V32@AAVios_base@2@DPADI@Z 00430de0 f   main.obj
 0001:0002fe10       __unwindfunclet$??$use_facet@V?$ctype@D@std@@@std@@YAABV?$ctype@D@0@ABVlocale@0@@Z$0 00430e10 f   main.obj
 0001:0002fe10       __unwindfunclet$??$use_facet@V?$numpunct@D@std@@@std@@YAABV?$numpunct@D@0@ABVlocale@0@@Z$0 00430e10 f   main.obj
 0001:0002fe10       __unwindfunclet$??$use_facet@V?$num_put@DV?$ostreambuf_iterator@DU?$char_traits@D@std@@@std@@@std@@@std@@YAABV?$num_put@DV?$ostreambuf_iterator@DU?$char_traits@D@std@@@std@@@0@ABVlocale@0@@Z$0 00430e10 f   main.obj
 0001:0002fe18       __ehhandler$??$use_facet@V?$ctype@D@std@@@std@@YAABV?$ctype@D@0@ABVlocale@0@@Z 00430e18 f   main.obj
 0001:0002fe18       __ehhandler$??$use_facet@V?$num_put@DV?$ostreambuf_iterator@DU?$char_traits@D@std@@@std@@@std@@@std@@YAABV?$num_put@DV?$ostreambuf_iterator@DU?$char_traits@D@std@@@std@@@0@ABVlocale@0@@Z 00430e18 f   main.obj
 0001:0002fe18       __ehhandler$??$use_facet@V?$numpunct@D@std@@@std@@YAABV?$numpunct@D@0@ABVlocale@0@@Z 00430e18 f   main.obj
 0001:0002fe40       __unwindfunclet$?_Getcat@?$numpunct@D@std@@SAIPAPBVfacet@locale@2@PBV42@@Z$0 00430e40 f   main.obj
 0001:0002fe58       __unwindfunclet$?_Getcat@?$numpunct@D@std@@SAIPAPBVfacet@locale@2@PBV42@@Z$1 00430e58 f   main.obj
 0001:0002fe71       __ehhandler$?_Getcat@?$numpunct@D@std@@SAIPAPBVfacet@locale@2@PBV42@@Z 00430e71 f   main.obj
 0001:0002fe90       __unwindfunclet$??0_Locimp@locale@std@@AAE@_N@Z$0 00430e90 f   main.obj
 0001:0002fe90       __unwindfunclet$??0?$numpunct@D@std@@QAE@ABV_Locinfo@1@I_N@Z$0 00430e90 f   main.obj
 0001:0002fe90       __unwindfunclet$??1?$numpunct@D@std@@MAE@XZ$0 00430e90 f   main.obj
 0001:0002fe90       __unwindfunclet$??0?$num_put@DV?$ostreambuf_iterator@DU?$char_traits@D@std@@@std@@@std@@QAE@ABV_Locinfo@1@I@Z$0 00430e90 f   main.obj
 0001:0002fe98       __ehhandler$??0_Locimp@locale@std@@AAE@_N@Z 00430e98 f   main.obj
 0001:0002fe98       __ehhandler$??0?$numpunct@D@std@@QAE@ABV_Locinfo@1@I_N@Z 00430e98 f   main.obj
 0001:0002fe98       __ehhandler$??0?$num_put@DV?$ostreambuf_iterator@DU?$char_traits@D@std@@@std@@@std@@QAE@ABV_Locinfo@1@I@Z 00430e98 f   main.obj
 0001:0002fe98       __ehhandler$??1?$numpunct@D@std@@MAE@XZ 00430e98 f   main.obj
 0001:0002fec0       __ehhandler$?_Init@?$numpunct@D@std@@IAEXABV_Locinfo@2@_N@Z 00430ec0 f   main.obj
 0001:0002fee0       __unwindfunclet$?loadFromFile@LTexture@@QAE_NV?$basic_string@DU?$char_traits@D@std@@V?$allocator@D@2@@std@@@Z$0 00430ee0 f   LTexture.obj
 0001:0002fee8       __ehhandler$?loadFromFile@LTexture@@QAE_NV?$basic_string@DU?$char_traits@D@std@@V?$allocator@D@2@@std@@@Z 00430ee8 f   LTexture.obj
 0001:0002ff10       __unwindfunclet$?_Facet_Register@facet@locale@std@@CAXPAV123@@Z$0 00430f10 f   libcpmtd:locale0.obj
 0001:0002ff28       __ehhandler$?_Facet_Register@facet@locale@std@@CAXPAV123@@Z 00430f28 f   libcpmtd:locale0.obj
 0001:0002ff50       __unwindfunclet$??1_Locimp@locale@std@@MAE@XZ$0 00430f50 f   libcpmtd:locale0.obj
 0001:0002ff58       __unwindfunclet$??1_Locimp@locale@std@@MAE@XZ$1 00430f58 f   libcpmtd:locale0.obj
 0001:0002ff63       __ehhandler$??1_Locimp@locale@std@@MAE@XZ 00430f63 f   libcpmtd:locale0.obj
 0001:0002ff80       __unwindfunclet$?_Init@locale@std@@CAPAV_Locimp@12@XZ$0 00430f80 f   libcpmtd:locale0.obj
 0001:0002ff88       __unwindfunclet$?_Init@locale@std@@CAPAV_Locimp@12@XZ$1 00430f88 f   libcpmtd:locale0.obj
 0001:0002ffa3       __unwindfunclet$?_Init@locale@std@@CAPAV_Locimp@12@XZ$2 00430fa3 f   libcpmtd:locale0.obj
 0001:0002ffb5       __ehhandler$?_Init@locale@std@@CAPAV_Locimp@12@XZ 00430fb5 f   libcpmtd:locale0.obj
 0001:0002ffd0       __unwindfunclet$?_Fac_tidy@@YAXXZ$0 00430fd0 f   libcpmtd:locale0.obj
 0001:0002ffd0       __unwindfunclet$?_Locimp_dtor@_Locimp@locale@std@@CAXPAV123@@Z$0 00430fd0 f   libcpmtd:locale0.obj
 0001:0002ffd8       __ehhandler$?_Fac_tidy@@YAXXZ 00430fd8 f   libcpmtd:locale0.obj
 0001:0002ffd8       __ehhandler$?_Locimp_dtor@_Locimp@locale@std@@CAXPAV123@@Z 00430fd8 f   libcpmtd:locale0.obj
 0001:00030000       __ehhandler$?CallUnexpected@@YAXPBU_s_ESTypeList@@@Z 00431000 f   LIBCMTD:frame.obj
 0001:00030020       __unwindfunclet$?getSystemCP@@YAHH@Z$0 00431020 f   LIBCMTD:mbctype.obj
 0001:00030028       __ehhandler$?getSystemCP@@YAHH@Z 00431028 f   LIBCMTD:mbctype.obj
 0001:00030050       __unwindfunclet$?x_ismbbtype_l@@YAHPAUlocaleinfo_struct@@IHH@Z$0 00431050 f   LIBCMTD:ismbbyte.obj
 0001:00030058       __ehhandler$?x_ismbbtype_l@@YAHPAUlocaleinfo_struct@@IHH@Z 00431058 f   LIBCMTD:ismbbyte.obj
 0001:00030080       __unwindfunclet$?strtoxl@@YAKPAUlocaleinfo_struct@@PBDPAPBDHH@Z$0 00431080 f   LIBCMTD:strtol.obj
 0001:00030088       __ehhandler$?strtoxl@@YAKPAUlocaleinfo_struct@@PBDPAPBDHH@Z 00431088 f   LIBCMTD:strtol.obj
 0001:000300b0       ??__Ekeystate@@YAXXZ       004310b0 f   main.obj
 0001:000300d0       ??__EgSpriteSheetTexture@@YAXXZ 004310d0 f   main.obj
 0001:000300f0       ??__EgBackgroundTexture@@YAXXZ 004310f0 f   main.obj
 0001:00030110       ??__EgCookieTexture@@YAXXZ 00431110 f   main.obj
 0001:00030130       ??__EgCookieDownTexture@@YAXXZ 00431130 f   main.obj
 0001:00030150       ??__Egimg1@@YAXXZ          00431150 f   main.obj
 0001:00030170       ??__Egimg2@@YAXXZ          00431170 f   main.obj
 0001:00030190       ??__Egimg3@@YAXXZ          00431190 f   main.obj
 0001:000301b0       ??__Egimg4@@YAXXZ          004311b0 f   main.obj
 0001:000301d0       ??__Egimg5@@YAXXZ          004311d0 f   main.obj
 0001:000301f0       ??__Egimg6@@YAXXZ          004311f0 f   main.obj
 0001:00030210       ??__Egimg7@@YAXXZ          00431210 f   main.obj
 0001:00030230       ??__Egcmap@@YAXXZ          00431230 f   main.obj
 0001:00030250       ??__E?id@?$num_put@DV?$ostreambuf_iterator@DU?$char_traits@D@std@@@std@@@std@@2V0locale@2@A@@YAXXZ 00431250 f   main.obj
 0001:00030270       ??__E?id@?$numpunct@D@std@@2V0locale@2@A@@YAXXZ 00431270 f   main.obj
 0001:00030290       ??__Einitlocks@std@@YAXXZ  00431290 f   libcpmtd:xlock.obj
 0001:000302b0       ??__E_Generic_object@std@@YAXXZ 004312b0 f   libcpmtd:syserror.obj
 0001:000302d0       ??__E_Iostream_object@std@@YAXXZ 004312d0 f   libcpmtd:syserror.obj
 0001:000302f0       ??__E_System_object@std@@YAXXZ 004312f0 f   libcpmtd:syserror.obj
 0001:00030310       ??__E_Fac_tidy_reg@std@@YAXXZ 00431310 f   libcpmtd:locale0.obj
 0001:00030330       ??__Eclassic_locale@std@@YAXXZ 00431330 f   libcpmtd:locale0.obj
 0001:00030350       ??__E?id@?$ctype@D@std@@2V0locale@2@A@@YAXXZ 00431350 f   libcpmtd:locale0.obj
 0001:00030370       ??__E?id@?$ctype@_W@std@@2V0locale@2@A@@YAXXZ 00431370 f   libcpmtd:locale0.obj
 0001:00030390       ??__E?id@?$codecvt@_WDH@std@@2V0locale@2@A@@YAXXZ 00431390 f   libcpmtd:locale0.obj
 0001:000303b0       ??__E?id@?$ctype@G@std@@2V0locale@2@A@@YAXXZ 004313b0 f   libcpmtd:locale0.obj
 0001:000303d0       ??__E?id@?$codecvt@GDH@std@@2V0locale@2@A@@YAXXZ 004313d0 f   libcpmtd:locale0.obj
 0001:000303f0       ??__Einitlocks@std@@YAXXZ  004313f0 f   libcpmtd:iosptrs.obj
 0001:00030410       ??__Einit_atexit@@YAXXZ    00431410 f   libcpmtd:iosptrs.obj
 0001:00030430       ??__FgSpriteSheetTexture@@YAXXZ 00431430 f   main.obj
 0001:00030440       ??__FgBackgroundTexture@@YAXXZ 00431440 f   main.obj
 0001:00030450       ??__FgCookieTexture@@YAXXZ 00431450 f   main.obj
 0001:00030460       ??__FgCookieDownTexture@@YAXXZ 00431460 f   main.obj
 0001:00030470       ??__Fgimg1@@YAXXZ          00431470 f   main.obj
 0001:00030480       ??__Fgimg2@@YAXXZ          00431480 f   main.obj
 0001:00030490       ??__Fgimg3@@YAXXZ          00431490 f   main.obj
 0001:000304a0       ??__Fgimg4@@YAXXZ          004314a0 f   main.obj
 0001:000304b0       ??__Fgimg5@@YAXXZ          004314b0 f   main.obj
 0001:000304c0       ??__Fgimg6@@YAXXZ          004314c0 f   main.obj
 0001:000304d0       ??__Fgimg7@@YAXXZ          004314d0 f   main.obj
 0001:000304e0       ??__Fgcmap@@YAXXZ          004314e0 f   main.obj
 0001:000304f0       ??__Finitlocks@std@@YAXXZ  004314f0 f   libcpmtd:xlock.obj
 0001:00030510       ??__F_Generic_object@std@@YAXXZ 00431510 f   libcpmtd:syserror.obj
 0001:00030530       ??__F_Iostream_object@std@@YAXXZ 00431530 f   libcpmtd:syserror.obj
 0001:00030550       ??__F_System_object@std@@YAXXZ 00431550 f   libcpmtd:syserror.obj
 0001:00030570       ??__Fnomem@?4???2@YAPAXIABU_DebugHeapTag_t@std@@PADH@Z@YAXXZ 00431570 f   libcpmtd:xdebug.obj
 0001:00030590       ??__F_Fac_tidy_reg@std@@YAXXZ 00431590 f   libcpmtd:locale0.obj
 0001:000305b0       ??__Fclassic_locale@std@@YAXXZ 004315b0 f   libcpmtd:locale0.obj
 0001:000305d0       ??__Finitlocks@std@@YAXXZ  004315d0 f   libcpmtd:iosptrs.obj
 0001:000305f0       ??__Finit_atexit@@YAXXZ    004315f0 f   libcpmtd:iosptrs.obj
 0001:00030610       ??__Fnomem@?5???2@YAPAXI@Z@YAXXZ 00431610 f   LIBCMTD:new.obj
